Archive member included to satisfy reference by file (symbol)

../DaisyExamples/libDaisy//build/libdaisy.a(daisy_patch_sm.o)
                              build/PassthruExample.o (daisy::patch_sm::DaisyPatchSM::Init())
../DaisyExamples/libDaisy//build/libdaisy.a(codec_pcm3060.o)
                              ../DaisyExamples/libDaisy//build/libdaisy.a(daisy_patch_sm.o) (daisy::Pcm3060::Init(daisy::I2CHandle))
../DaisyExamples/libDaisy//build/libdaisy.a(sdram.o)
                              ../DaisyExamples/libDaisy//build/libdaisy.a(daisy_patch_sm.o) (SdramHandle::Init())
../DaisyExamples/libDaisy//build/libdaisy.a(audio.o)
                              ../DaisyExamples/libDaisy//build/libdaisy.a(daisy_patch_sm.o) (daisy::AudioHandle::Init(daisy::AudioHandle::Config const&, daisy::SaiHandle))
../DaisyExamples/libDaisy//build/libdaisy.a(ctrl.o)
                              ../DaisyExamples/libDaisy//build/libdaisy.a(daisy_patch_sm.o) (daisy::AnalogControl::Init(unsigned short*, float, bool, bool, float))
../DaisyExamples/libDaisy//build/libdaisy.a(gatein.o)
                              ../DaisyExamples/libDaisy//build/libdaisy.a(daisy_patch_sm.o) (daisy::GateIn::Init(daisy::Pin, bool))
../DaisyExamples/libDaisy//build/libdaisy.a(adc.o)
                              ../DaisyExamples/libDaisy//build/libdaisy.a(daisy_patch_sm.o) (daisy::AdcChannelConfig::InitSingle(dsy_gpio_pin, daisy::AdcChannelConfig::ConversionSpeed))
../DaisyExamples/libDaisy//build/libdaisy.a(dac.o)
                              ../DaisyExamples/libDaisy//build/libdaisy.a(daisy_patch_sm.o) (daisy::DacHandle::Init(daisy::DacHandle::Config const&))
../DaisyExamples/libDaisy//build/libdaisy.a(gpio.o)
                              ../DaisyExamples/libDaisy//build/libdaisy.a(gatein.o) (daisy::GPIO::Init(daisy::Pin, daisy::GPIO::Mode, daisy::GPIO::Pull, daisy::GPIO::Speed))
../DaisyExamples/libDaisy//build/libdaisy.a(i2c.o)
                              ../DaisyExamples/libDaisy//build/libdaisy.a(daisy_patch_sm.o) (daisy::I2CHandle::Init(daisy::I2CHandle::Config const&))
../DaisyExamples/libDaisy//build/libdaisy.a(qspi.o)
                              ../DaisyExamples/libDaisy//build/libdaisy.a(daisy_patch_sm.o) (daisy::QSPIHandle::Init(daisy::QSPIHandle::Config const&))
../DaisyExamples/libDaisy//build/libdaisy.a(sai.o)
                              ../DaisyExamples/libDaisy//build/libdaisy.a(daisy_patch_sm.o) (daisy::SaiHandle::Init(daisy::SaiHandle::Config const&))
../DaisyExamples/libDaisy//build/libdaisy.a(system.o)
                              ../DaisyExamples/libDaisy//build/libdaisy.a(codec_pcm3060.o) (daisy::System::Delay(unsigned long))
../DaisyExamples/libDaisy//build/libdaisy.a(system_stm32h7xx.o)
                              build/startup_stm32h750xx.o (SystemInit)
../DaisyExamples/libDaisy//build/libdaisy.a(usbd_conf.o)
                              ../DaisyExamples/libDaisy//build/libdaisy.a(system.o) (hpcd_USB_OTG_HS)
../DaisyExamples/libDaisy//build/libdaisy.a(usbh_conf.o)
                              ../DaisyExamples/libDaisy//build/libdaisy.a(system.o) (hhcd_USB_OTG_HS)
../DaisyExamples/libDaisy//build/libdaisy.a(hal_map.o)
                              ../DaisyExamples/libDaisy//build/libdaisy.a(gpio.o) (dsy_hal_map_get_port)
../DaisyExamples/libDaisy//build/libdaisy.a(stm32h7xx_hal.o)
                              ../DaisyExamples/libDaisy//build/libdaisy.a(system.o) (HAL_Init)
../DaisyExamples/libDaisy//build/libdaisy.a(stm32h7xx_hal_adc.o)
                              ../DaisyExamples/libDaisy//build/libdaisy.a(adc.o) (HAL_ADC_ConfigChannel)
../DaisyExamples/libDaisy//build/libdaisy.a(stm32h7xx_hal_adc_ex.o)
                              ../DaisyExamples/libDaisy//build/libdaisy.a(adc.o) (HAL_ADCEx_Calibration_Start)
../DaisyExamples/libDaisy//build/libdaisy.a(stm32h7xx_hal_cortex.o)
                              ../DaisyExamples/libDaisy//build/libdaisy.a(stm32h7xx_hal.o) (HAL_NVIC_SetPriorityGrouping)
../DaisyExamples/libDaisy//build/libdaisy.a(stm32h7xx_hal_dac.o)
                              ../DaisyExamples/libDaisy//build/libdaisy.a(dac.o) (HAL_DAC_Init)
../DaisyExamples/libDaisy//build/libdaisy.a(stm32h7xx_hal_dac_ex.o)
                              ../DaisyExamples/libDaisy//build/libdaisy.a(stm32h7xx_hal_dac.o) (HAL_DACEx_DMAUnderrunCallbackCh2)
../DaisyExamples/libDaisy//build/libdaisy.a(stm32h7xx_hal_dma.o)
                              ../DaisyExamples/libDaisy//build/libdaisy.a(adc.o) (HAL_DMA_Init)
../DaisyExamples/libDaisy//build/libdaisy.a(stm32h7xx_hal_gpio.o)
                              ../DaisyExamples/libDaisy//build/libdaisy.a(sdram.o) (HAL_GPIO_Init)
../DaisyExamples/libDaisy//build/libdaisy.a(stm32h7xx_hal_hcd.o)
                              ../DaisyExamples/libDaisy//build/libdaisy.a(usbh_conf.o) (HAL_HCD_HC_Init)
../DaisyExamples/libDaisy//build/libdaisy.a(stm32h7xx_hal_i2c.o)
                              ../DaisyExamples/libDaisy//build/libdaisy.a(i2c.o) (HAL_I2C_Init)
[...]
Memory Configuration

Name             Origin             Length             Attributes
FLASH            0x0000000008000000 0x0000000000020000 xr
DTCMRAM          0x0000000020000000 0x0000000000020000 xrw
SRAM             0x0000000024000000 0x0000000000080000 xrw
RAM_D2           0x0000000030000000 0x0000000000048000 xrw
RAM_D3           0x0000000038000000 0x0000000000010000 xrw
BACKUP_SRAM      0x0000000038800000 0x0000000000001000 xrw
ITCMRAM          0x0000000000000000 0x0000000000010000 xrw
SDRAM            0x00000000c0000000 0x0000000004000000 xrw
QSPIFLASH        0x0000000090000000 0x0000000000800000 xr
*default*        0x0000000000000000 0xffffffffffffffff

Linker script and memory map

LOAD /home/ck84/src/gcc-arm-none-eabi-10.3-2021.10/bin/../lib/gcc/arm-none-eabi/10.3.1/thumb/v7e-m+dp/hard/crti.o
LOAD /home/ck84/src/gcc-arm-none-eabi-10.3-2021.10/bin/../lib/gcc/arm-none-eabi/10.3.1/thumb/v7e-m+dp/hard/crtbegin.o
LOAD /home/ck84/src/gcc-arm-none-eabi-10.3-2021.10/bin/../lib/gcc/arm-none-eabi/10.3.1/../../../../arm-none-eabi/lib/thumb/v7e-m+dp/hard/crt0.o
LOAD build/startup_stm32h750xx.o
LOAD build/PassthruExample.o
LOAD ../DaisyExamples/libDaisy//build/libdaisy.a
LOAD /home/ck84/src/gcc-arm-none-eabi-10.3-2021.10/bin/../lib/gcc/arm-none-eabi/10.3.1/../../../../arm-none-eabi/lib/thumb/v7e-m+dp/hard/libnosys.a
LOAD ../DaisyExamples/DaisySP//build/libdaisysp.a
LOAD /home/ck84/src/gcc-arm-none-eabi-10.3-2021.10/bin/../lib/gcc/arm-none-eabi/10.3.1/../../../../arm-none-eabi/lib/thumb/v7e-m+dp/hard/libstdc++_nano.a
LOAD /home/ck84/src/gcc-arm-none-eabi-10.3-2021.10/bin/../lib/gcc/arm-none-eabi/10.3.1/../../../../arm-none-eabi/lib/thumb/v7e-m+dp/hard/libm.a
LOAD /home/ck84/src/gcc-arm-none-eabi-10.3-2021.10/bin/../lib/gcc/arm-none-eabi/10.3.1/../../../../arm-none-eabi/lib/thumb/v7e-m+dp/hard/libc_nano.a
START GROUP
LOAD /home/ck84/src/gcc-arm-none-eabi-10.3-2021.10/bin/../lib/gcc/arm-none-eabi/10.3.1/thumb/v7e-m+dp/hard/libgcc.a
LOAD /home/ck84/src/gcc-arm-none-eabi-10.3-2021.10/bin/../lib/gcc/arm-none-eabi/10.3.1/../../../../arm-none-eabi/lib/thumb/v7e-m+dp/hard/libc_nano.a
END GROUP
START GROUP
LOAD /home/ck84/src/gcc-arm-none-eabi-10.3-2021.10/bin/../lib/gcc/arm-none-eabi/10.3.1/thumb/v7e-m+dp/hard/libgcc.a
LOAD /home/ck84/src/gcc-arm-none-eabi-10.3-2021.10/bin/../lib/gcc/arm-none-eabi/10.3.1/../../../../arm-none-eabi/lib/thumb/v7e-m+dp/hard/libc_nano.a
LOAD /home/ck84/src/gcc-arm-none-eabi-10.3-2021.10/bin/../lib/gcc/arm-none-eabi/10.3.1/../../../../arm-none-eabi/lib/thumb/v7e-m+dp/hard/libnosys.a
END GROUP
START GROUP
LOAD /home/ck84/src/gcc-arm-none-eabi-10.3-2021.10/bin/../lib/gcc/arm-none-eabi/10.3.1/thumb/v7e-m+dp/hard/libgcc.a
LOAD /home/ck84/src/gcc-arm-none-eabi-10.3-2021.10/bin/../lib/gcc/arm-none-eabi/10.3.1/../../../../arm-none-eabi/lib/thumb/v7e-m+dp/hard/libc_nano.a
LOAD /home/ck84/src/gcc-arm-none-eabi-10.3-2021.10/bin/../lib/gcc/arm-none-eabi/10.3.1/../../../../arm-none-eabi/lib/thumb/v7e-m+dp/hard/libnosys.a
END GROUP
LOAD /home/ck84/src/gcc-arm-none-eabi-10.3-2021.10/bin/../lib/gcc/arm-none-eabi/10.3.1/thumb/v7e-m+dp/hard/crtend.o
LOAD /home/ck84/src/gcc-arm-none-eabi-10.3-2021.10/bin/../lib/gcc/arm-none-eabi/10.3.1/thumb/v7e-m+dp/hard/crtn.o
                0x0000000020020000                _estack = 0x20020000

.isr_vector     0x0000000008000000      0x298
                0x0000000008000000                . = ALIGN (0x4)
 *(.isr_vector)
 .isr_vector    0x0000000008000000      0x298 build/startup_stm32h750xx.o
                0x0000000008000000                g_pfnVectors
                0x0000000008000298                . = ALIGN (0x4)

.text           0x0000000008000298    0x113fc
                0x0000000008000298                . = ALIGN (0x4)
                0x0000000008000298                _stext = .
 *(.text)
 .text          0x0000000008000298       0x40 /home/ck84/src/gcc-arm-none-eabi-10.3-2021.10/bin/../lib/gcc/arm-none-eabi/10.3.1/thumb/v7e-m+dp/hard/crtbegin.o
 .text          0x00000000080002d8       0x30 /home/ck84/src/gcc-arm-none-eabi-10.3-2021.10/bin/../lib/gcc/arm-none-eabi/10.3.1/thumb/v7e-m+dp/hard/libgcc.a(_aeabi_uldivmod.o)
                0x00000000080002d8                __aeabi_uldivmod
 .text          0x0000000008000308      0x2d0 /home/ck84/src/gcc-arm-none-eabi-10.3-2021.10/bin/../lib/gcc/arm-none-eabi/10.3.1/thumb/v7e-m+dp/hard/libgcc.a(_udivmoddi4.o)
                0x0000000008000308                __udivmoddi4
 .text          0x00000000080005d8        0x4 /home/ck84/src/gcc-arm-none-eabi-10.3-2021.10/bin/../lib/gcc/arm-none-eabi/10.3.1/thumb/v7e-m+dp/hard/libgcc.a(_dvmd_tls.o)
                0x00000000080005d8                __aeabi_ldiv0
                0x00000000080005d8                __aeabi_idiv0
 *(.text*)
 .text.Default_Handler
                0x00000000080005dc        0x4 build/startup_stm32h750xx.o
                0x00000000080005dc                RTC_Alarm_IRQHandler
                0x00000000080005dc                HASH_RNG_IRQHandler
                0x00000000080005dc                EXTI2_IRQHandler
                0x00000000080005dc                TIM8_CC_IRQHandler
                0x00000000080005dc                HRTIM1_Master_IRQHandler
                0x00000000080005dc                DebugMon_Handler
                0x00000000080005dc                TIM1_CC_IRQHandler
                0x00000000080005dc                BDMA_Channel6_IRQHandler
                0x00000000080005dc                DMA2_Stream5_IRQHandler
                0x00000000080005dc                HRTIM1_FLT_IRQHandler
                0x00000000080005dc                JPEG_IRQHandler
                0x00000000080005dc                BDMA_Channel1_IRQHandler
                0x00000000080005dc                HRTIM1_TIMD_IRQHandler
                0x00000000080005dc                TAMP_STAMP_IRQHandler
                0x00000000080005dc                PendSV_Handler
                0x00000000080005dc                NMI_Handler
                0x00000000080005dc                EXTI3_IRQHandler
                0x00000000080005dc                LPTIM4_IRQHandler
                0x00000000080005dc                TIM8_TRG_COM_TIM14_IRQHandler
                0x00000000080005dc                LPTIM2_IRQHandler
                0x00000000080005dc                DFSDM1_FLT1_IRQHandler
                0x00000000080005dc                DMAMUX2_OVR_IRQHandler
                0x00000000080005dc                TIM8_UP_TIM13_IRQHandler
                0x00000000080005dc                I2C3_ER_IRQHandler
                0x00000000080005dc                DFSDM1_FLT2_IRQHandler
                0x00000000080005dc                MDMA_IRQHandler
                0x00000000080005dc                LPTIM3_IRQHandler
                0x00000000080005dc                HSEM1_IRQHandler
                0x00000000080005dc                EXTI0_IRQHandler
                0x00000000080005dc                FPU_IRQHandler
                0x00000000080005dc                OTG_HS_WKUP_IRQHandler
                0x00000000080005dc                FDCAN1_IT1_IRQHandler
                0x00000000080005dc                UsageFault_Handler
                0x00000000080005dc                LTDC_ER_IRQHandler
                0x00000000080005dc                HRTIM1_TIME_IRQHandler
                0x00000000080005dc                DCMI_IRQHandler
                0x00000000080005dc                HRTIM1_TIMC_IRQHandler
                0x00000000080005dc                SAI2_IRQHandler
                0x00000000080005dc                DFSDM1_FLT3_IRQHandler
                0x00000000080005dc                TIM17_IRQHandler
                0x00000000080005dc                CRYP_IRQHandler
                0x00000000080005dc                BDMA_Channel7_IRQHandler
                0x00000000080005dc                LPTIM5_IRQHandler
                0x00000000080005dc                ADC3_IRQHandler
                0x00000000080005dc                BDMA_Channel2_IRQHandler
                0x00000000080005dc                DMAMUX1_OVR_IRQHandler
                0x00000000080005dc                TIM16_IRQHandler
                0x00000000080005dc                BDMA_Channel5_IRQHandler
                0x00000000080005dc                RCC_IRQHandler
                0x00000000080005dc                TIM8_BRK_TIM12_IRQHandler
                0x00000000080005dc                TIM1_TRG_COM_IRQHandler
                0x00000000080005dc                Default_Handler
                0x00000000080005dc                ECC_IRQHandler
                0x00000000080005dc                CEC_IRQHandler
                0x00000000080005dc                EXTI15_10_IRQHandler
                0x00000000080005dc                BDMA_Channel0_IRQHandler
                0x00000000080005dc                ADC_IRQHandler
                0x00000000080005dc                DMA1_Stream7_IRQHandler
                0x00000000080005dc                HRTIM1_TIMA_IRQHandler
                0x00000000080005dc                TIM7_IRQHandler
                0x00000000080005dc                SDMMC1_IRQHandler
                0x00000000080005dc                DMA2_Stream7_IRQHandler
                0x00000000080005dc                TIM15_IRQHandler
                0x00000000080005dc                PVD_AVD_IRQHandler
                0x00000000080005dc                EXTI9_5_IRQHandler
                0x00000000080005dc                RTC_WKUP_IRQHandler
                0x00000000080005dc                LTDC_IRQHandler
                0x00000000080005dc                SAI3_IRQHandler
                0x00000000080005dc                ETH_WKUP_IRQHandler
                0x00000000080005dc                SPDIF_RX_IRQHandler
                0x00000000080005dc                MemManage_Handler
                0x00000000080005dc                SVC_Handler
                0x00000000080005dc                CRS_IRQHandler
                0x00000000080005dc                EXTI4_IRQHandler
                0x00000000080005dc                HRTIM1_TIMB_IRQHandler
                0x00000000080005dc                FDCAN2_IT1_IRQHandler
                0x00000000080005dc                ETH_IRQHandler
                0x00000000080005dc                TIM1_UP_IRQHandler
                0x00000000080005dc                BDMA_Channel4_IRQHandler
                0x00000000080005dc                WWDG_IRQHandler
                0x00000000080005dc                SPI6_IRQHandler
                0x00000000080005dc                I2C4_EV_IRQHandler
                0x00000000080005dc                MDIOS_IRQHandler
                0x00000000080005dc                FDCAN2_IT0_IRQHandler
                0x00000000080005dc                FDCAN1_IT0_IRQHandler
                0x00000000080005dc                OTG_FS_WKUP_IRQHandler
                0x00000000080005dc                DMA2D_IRQHandler
                0x00000000080005dc                TIM1_BRK_IRQHandler
                0x00000000080005dc                EXTI1_IRQHandler
                0x00000000080005dc                SDMMC2_IRQHandler
                0x00000000080005dc                OTG_FS_EP1_OUT_IRQHandler
                0x00000000080005dc                BDMA_Channel3_IRQHandler
                0x00000000080005dc                MDIOS_WKUP_IRQHandler
                0x00000000080005dc                DFSDM1_FLT0_IRQHandler
                0x00000000080005dc                SAI4_IRQHandler
                0x00000000080005dc                I2C2_ER_IRQHandler
                0x00000000080005dc                FLASH_IRQHandler
                0x00000000080005dc                BusFault_Handler
                0x00000000080005dc                OTG_FS_IRQHandler
                0x00000000080005dc                WAKEUP_PIN_IRQHandler
                0x00000000080005dc                OTG_FS_EP1_IN_IRQHandler
                0x00000000080005dc                I2C1_ER_IRQHandler
                0x00000000080005dc                FMC_IRQHandler
                0x00000000080005dc                FDCAN_CAL_IRQHandler
                0x00000000080005dc                SWPMI1_IRQHandler
                0x00000000080005dc                COMP1_IRQHandler
                0x00000000080005dc                LPTIM1_IRQHandler
                0x00000000080005dc                I2C4_ER_IRQHandler
                0x00000000080005dc                DMA2_Stream6_IRQHandler
                0x00000000080005dc                SAI1_IRQHandler
 .text.Reset_Handler
                0x00000000080005e0       0x44 build/startup_stm32h750xx.o
                0x00000000080005e0                Reset_Handler
 .text._ZN5daisy8patch_sm12DaisyPatchSMD2Ev
                0x0000000008000624        0x4 build/PassthruExample.o
                0x0000000008000624                daisy::patch_sm::DaisyPatchSM::~DaisyPatchSM()
                0x0000000008000624                daisy::patch_sm::DaisyPatchSM::~DaisyPatchSM()
 .text._Z13AudioCallbackPKPKfPPfj
                0x0000000008000628       0x2c build/PassthruExample.o
                0x0000000008000628                AudioCallback(float const* const*, float**, unsigned int)
 .text.startup.main
                0x0000000008000654       0x1c build/PassthruExample.o
                0x0000000008000654                main
 .text.startup._GLOBAL__sub_I_patch
                0x0000000008000670       0x3c build/PassthruExample.o
 .text._ZN5daisy8patch_sm12DaisyPatchSM4Impl19InternalDacCallbackEPPtj
                0x00000000080006ac       0xa8 ../DaisyExamples/libDaisy//build/libdaisy.a(daisy_patch_sm.o)
                0x00000000080006ac                daisy::patch_sm::DaisyPatchSM::Impl::InternalDacCallback(unsigned short**, unsigned int)
 .text._ZN5daisy8patch_sm12DaisyPatchSM4InitEv
                0x0000000008000754      0x29c ../DaisyExamples/libDaisy//build/libdaisy.a(daisy_patch_sm.o)
                0x0000000008000754                daisy::patch_sm::DaisyPatchSM::Init()
 .text._ZN5daisy8patch_sm12DaisyPatchSM10StartAudioEPFvPKPKfPPfjE
                0x00000000080009f0        0x8 ../DaisyExamples/libDaisy//build/libdaisy.a(daisy_patch_sm.o)
                0x00000000080009f0                daisy::patch_sm::DaisyPatchSM::StartAudio(void (*)(float const* const*, float**, unsigned int))
 .text.startup._GLOBAL__sub_I__ZN5daisy8patch_sm12DaisyPatchSM2A1E
                0x00000000080009f8       0x28 ../DaisyExamples/libDaisy//build/libdaisy.a(daisy_patch_sm.o)
 .text._ZN5daisy7Pcm30604InitENS_9I2CHandleE
                0x0000000008000a20      0x16c ../DaisyExamples/libDaisy//build/libdaisy.a(codec_pcm3060.o)
                0x0000000008000a20                daisy::Pcm3060::Init(daisy::I2CHandle)
 .text._ZN11SdramHandle10DeviceInitEv
                0x0000000008000b8c       0x98 ../DaisyExamples/libDaisy//build/libdaisy.a(sdram.o)
                0x0000000008000b8c                SdramHandle::DeviceInit()
 .text._ZN11SdramHandle4InitEv
                0x0000000008000c24       0x7c ../DaisyExamples/libDaisy//build/libdaisy.a(sdram.o)
                0x0000000008000c24                SdramHandle::Init()
 .text.HAL_SDRAM_MspInit
                0x0000000008000ca0      0x1a8 ../DaisyExamples/libDaisy//build/libdaisy.a(sdram.o)
                0x0000000008000ca0                HAL_SDRAM_MspInit
 .text._ZN5daisy11AudioHandle4Impl16InternalCallbackEPlS2_j
                0x0000000008000e48      0xbbc ../DaisyExamples/libDaisy//build/libdaisy.a(audio.o)
                0x0000000008000e48                daisy::AudioHandle::Impl::InternalCallback(long*, long*, unsigned int)
 .text._ZN5daisy11AudioHandle4InitERKNS0_6ConfigENS_9SaiHandleE
                0x0000000008001a04       0x70 ../DaisyExamples/libDaisy//build/libdaisy.a(audio.o)
                0x0000000008001a04                daisy::AudioHandle::Init(daisy::AudioHandle::Config const&, daisy::SaiHandle)
 .text._ZNK5daisy11AudioHandle9GetConfigEv
                0x0000000008001a74        0x8 ../DaisyExamples/libDaisy//build/libdaisy.a(audio.o)
                0x0000000008001a74                daisy::AudioHandle::GetConfig() const
 .text._ZN5daisy11AudioHandle13GetSampleRateEv
                0x0000000008001a7c        0x8 ../DaisyExamples/libDaisy//build/libdaisy.a(audio.o)
                0x0000000008001a7c                daisy::AudioHandle::GetSampleRate()
 .text._ZN5daisy11AudioHandle5StartEPFvPKPKfPPfjE
                0x0000000008001a84       0x44 ../DaisyExamples/libDaisy//build/libdaisy.a(audio.o)
                0x0000000008001a84                daisy::AudioHandle::Start(void (*)(float const* const*, float**, unsigned int))
 .text.startup._GLOBAL__sub_I__ZN5daisy11AudioHandle4Impl4InitENS0_6ConfigENS_9SaiHandleE
                0x0000000008001ac8       0x24 ../DaisyExamples/libDaisy//build/libdaisy.a(audio.o)
 .text._ZN5daisy13AnalogControl4InitEPtfbbf
                0x0000000008001aec       0x64 ../DaisyExamples/libDaisy//build/libdaisy.a(ctrl.o)
                0x0000000008001aec                daisy::AnalogControl::Init(unsigned short*, float, bool, bool, float)
 .text._ZN5daisy13AnalogControl13InitBipolarCvEPtf
                0x0000000008001b50       0x6c ../DaisyExamples/libDaisy//build/libdaisy.a(ctrl.o)
                0x0000000008001b50                daisy::AnalogControl::InitBipolarCv(unsigned short*, float)
 .text._ZN5daisy6GateIn4InitENS_3PinEb
                0x0000000008001bbc       0x24 ../DaisyExamples/libDaisy//build/libdaisy.a(gatein.o)
                0x0000000008001bbc                daisy::GateIn::Init(daisy::Pin, bool)
 .text._ZN5daisy16AdcChannelConfig10InitSingleE12dsy_gpio_pinNS0_15ConversionSpeedE
                0x0000000008001be0       0x28 ../DaisyExamples/libDaisy//build/libdaisy.a(adc.o)
                0x0000000008001be0                daisy::AdcChannelConfig::InitSingle(dsy_gpio_pin, daisy::AdcChannelConfig::ConversionSpeed)
 .text._ZN5daisy9AdcHandle4InitEPNS_16AdcChannelConfigEjNS0_12OverSamplingE
                0x0000000008001c08      0x41c ../DaisyExamples/libDaisy//build/libdaisy.a(adc.o)
                0x0000000008001c08                daisy::AdcHandle::Init(daisy::AdcChannelConfig*, unsigned int, daisy::AdcHandle::OverSampling)
 .text._ZN5daisy9AdcHandle5StartEv
                0x0000000008002024       0x2c ../DaisyExamples/libDaisy//build/libdaisy.a(adc.o)
                0x0000000008002024                daisy::AdcHandle::Start()
 .text._ZNK5daisy9AdcHandle6GetPtrEh
                0x0000000008002050       0x14 ../DaisyExamples/libDaisy//build/libdaisy.a(adc.o)
                0x0000000008002050                daisy::AdcHandle::GetPtr(unsigned char) const
 .text.HAL_ADC_MspInit
                0x0000000008002064       0x98 ../DaisyExamples/libDaisy//build/libdaisy.a(adc.o)
                0x0000000008002064                HAL_ADC_MspInit
 .text.DMA1_Stream2_IRQHandler
                0x00000000080020fc        0xc ../DaisyExamples/libDaisy//build/libdaisy.a(adc.o)
                0x00000000080020fc                DMA1_Stream2_IRQHandler
 .text.HAL_ADC_ConvCpltCallback
                0x0000000008002108      0x148 ../DaisyExamples/libDaisy//build/libdaisy.a(adc.o)
                0x0000000008002108                HAL_ADC_ConvCpltCallback
 .text.HAL_ADC_ErrorCallback
                0x0000000008002250        0x4 ../DaisyExamples/libDaisy//build/libdaisy.a(adc.o)
                0x0000000008002250                HAL_ADC_ErrorCallback
 .text.HAL_DAC_MspInit
                0x0000000008002254      0x15c ../DaisyExamples/libDaisy//build/libdaisy.a(dac.o)
                0x0000000008002254                HAL_DAC_MspInit
 .text.DMA2_Stream0_IRQHandler
                0x00000000080023b0        0xc ../DaisyExamples/libDaisy//build/libdaisy.a(dac.o)
                0x00000000080023b0                DMA2_Stream0_IRQHandler
 .text.DMA2_Stream1_IRQHandler
                0x00000000080023bc        0xc ../DaisyExamples/libDaisy//build/libdaisy.a(dac.o)
                0x00000000080023bc                DMA2_Stream1_IRQHandler
 .text.TIM6_DAC_IRQHandler
                0x00000000080023c8       0x1c ../DaisyExamples/libDaisy//build/libdaisy.a(dac.o)
                0x00000000080023c8                TIM6_DAC_IRQHandler
 .text.HAL_DAC_ConvCpltCallbackCh1
                0x00000000080023e4       0x60 ../DaisyExamples/libDaisy//build/libdaisy.a(dac.o)
                0x00000000080023e4                HAL_DAC_ConvCpltCallbackCh1
 .text.HAL_DAC_ConvHalfCpltCallbackCh1
                0x0000000008002444       0x54 ../DaisyExamples/libDaisy//build/libdaisy.a(dac.o)
                0x0000000008002444                HAL_DAC_ConvHalfCpltCallbackCh1
 .text.HAL_DACEx_ConvHalfCpltCallbackCh2
                0x0000000008002498       0x2c ../DaisyExamples/libDaisy//build/libdaisy.a(dac.o)
                0x0000000008002498                HAL_DACEx_ConvHalfCpltCallbackCh2
 .text.HAL_DACEx_ConvCpltCallbackCh2
                0x00000000080024c4       0x34 ../DaisyExamples/libDaisy//build/libdaisy.a(dac.o)
                0x00000000080024c4                HAL_DACEx_ConvCpltCallbackCh2
 .text._ZN5daisy9DacHandle4InitERKNS0_6ConfigE
                0x00000000080024f8       0xfc ../DaisyExamples/libDaisy//build/libdaisy.a(dac.o)
                0x00000000080024f8                daisy::DacHandle::Init(daisy::DacHandle::Config const&)
 .text._ZN5daisy9DacHandle5StartEPtS1_jPFvPS1_jE
                0x00000000080025f4       0x6c ../DaisyExamples/libDaisy//build/libdaisy.a(dac.o)
                0x00000000080025f4                daisy::DacHandle::Start(unsigned short*, unsigned short*, unsigned int, void (*)(unsigned short**, unsigned int))
 .text._ZN5daisy9DacHandle4StopEv
                0x0000000008002660       0x40 ../DaisyExamples/libDaisy//build/libdaisy.a(dac.o)
                0x0000000008002660                daisy::DacHandle::Stop()
 .text._ZN5daisy4GPIO4InitENS_3PinENS0_4ModeENS0_4PullENS0_5SpeedE
                0x00000000080026a0      0x1cc ../DaisyExamples/libDaisy//build/libdaisy.a(gpio.o)
                0x00000000080026a0                daisy::GPIO::Init(daisy::Pin, daisy::GPIO::Mode, daisy::GPIO::Pull, daisy::GPIO::Speed)
 .text.dsy_gpio_init
                0x000000000800286c      0x1b8 ../DaisyExamples/libDaisy//build/libdaisy.a(gpio.o)
                0x000000000800286c                dsy_gpio_init
 .text.dsy_gpio_write
                0x0000000008002a24       0x24 ../DaisyExamples/libDaisy//build/libdaisy.a(gpio.o)
                0x0000000008002a24                dsy_gpio_write
 .text._ZN5daisy9I2CHandle4Impl8InitPinsEv
                0x0000000008002a48       0x58 ../DaisyExamples/libDaisy//build/libdaisy.a(i2c.o)
                0x0000000008002a48                daisy::I2CHandle::Impl::InitPins()
 .text.HAL_I2C_MspInit
                0x0000000008002aa0      0x1b4 ../DaisyExamples/libDaisy//build/libdaisy.a(i2c.o)
                0x0000000008002aa0                HAL_I2C_MspInit
 .text.dsy_i2c_global_init
                0x0000000008002c54       0x78 ../DaisyExamples/libDaisy//build/libdaisy.a(i2c.o)
                0x0000000008002c54                dsy_i2c_global_init
 .text.DMA1_Stream6_IRQHandler
                0x0000000008002ccc       0x34 ../DaisyExamples/libDaisy//build/libdaisy.a(i2c.o)
                0x0000000008002ccc                DMA1_Stream6_IRQHandler
 .text.I2C1_EV_IRQHandler
                0x0000000008002d00        0xc ../DaisyExamples/libDaisy//build/libdaisy.a(i2c.o)
                0x0000000008002d00                I2C1_EV_IRQHandler
 .text.I2C2_EV_IRQHandler
                0x0000000008002d0c        0xc ../DaisyExamples/libDaisy//build/libdaisy.a(i2c.o)
                0x0000000008002d0c                I2C2_EV_IRQHandler
 .text.I2C3_EV_IRQHandler
                0x0000000008002d18        0xc ../DaisyExamples/libDaisy//build/libdaisy.a(i2c.o)
                0x0000000008002d18                I2C3_EV_IRQHandler
 .text._ZN5daisy9I2CHandle4InitERKNS0_6ConfigE
                0x0000000008002d24      0x12c ../DaisyExamples/libDaisy//build/libdaisy.a(i2c.o)
                0x0000000008002d24                daisy::I2CHandle::Init(daisy::I2CHandle::Config const&)
 .text._ZN5daisy9I2CHandle17ReadDataAtAddressEtttPhtm
                0x0000000008002e50       0x4c ../DaisyExamples/libDaisy//build/libdaisy.a(i2c.o)
                0x0000000008002e50                daisy::I2CHandle::ReadDataAtAddress(unsigned short, unsigned short, unsigned short, unsigned char*, unsigned short, unsigned long)
 .text._ZN5daisy9I2CHandle18WriteDataAtAddressEtttPhtm
                0x0000000008002e9c       0x4c ../DaisyExamples/libDaisy//build/libdaisy.a(i2c.o)
                0x0000000008002e9c                daisy::I2CHandle::WriteDataAtAddress(unsigned short, unsigned short, unsigned short, unsigned char*, unsigned short, unsigned long)
 .text.startup._GLOBAL__sub_I__ZN5daisy9I2CHandle4Impl10GlobalInitEv
                0x0000000008002ee8       0x18 ../DaisyExamples/libDaisy//build/libdaisy.a(i2c.o)
 .text._ZN5daisy10QSPIHandle4Impl11WriteEnableEv
                0x0000000008002f00       0x8c ../DaisyExamples/libDaisy//build/libdaisy.a(qspi.o)
                0x0000000008002f00                daisy::QSPIHandle::Impl::WriteEnable()
 *fill*         0x0000000008002f8c        0x4 
 .text._ZN5daisy10QSPIHandle4Impl17DummyCyclesConfigENS0_6Config6DeviceE
                0x0000000008002f90      0x118 ../DaisyExamples/libDaisy//build/libdaisy.a(qspi.o)
                0x0000000008002f90                daisy::QSPIHandle::Impl::DummyCyclesConfig(daisy::QSPIHandle::Config::Device)
 .text._ZN5daisy10QSPIHandle4Impl10QuadEnableEv
                0x00000000080030a8      0x158 ../DaisyExamples/libDaisy//build/libdaisy.a(qspi.o)
                0x00000000080030a8                daisy::QSPIHandle::Impl::QuadEnable()
 .text._ZN5daisy10QSPIHandle4InitERKNS0_6ConfigE
                0x0000000008003200      0x198 ../DaisyExamples/libDaisy//build/libdaisy.a(qspi.o)
                0x0000000008003200                daisy::QSPIHandle::Init(daisy::QSPIHandle::Config const&)
 .text.HAL_QSPI_MspInit
                0x0000000008003398      0x11c ../DaisyExamples/libDaisy//build/libdaisy.a(qspi.o)
                0x0000000008003398                HAL_QSPI_MspInit
 .text.HAL_QSPI_MspDeInit
                0x00000000080034b4       0x54 ../DaisyExamples/libDaisy//build/libdaisy.a(qspi.o)
                0x00000000080034b4                HAL_QSPI_MspDeInit
 .text.QUADSPI_IRQHandler
                0x0000000008003508        0xc ../DaisyExamples/libDaisy//build/libdaisy.a(qspi.o)
                0x0000000008003508                QUADSPI_IRQHandler
 .text.startup._GLOBAL__sub_I__ZN5daisy10QSPIHandle4Impl4InitERKNS0_6ConfigE
                0x0000000008003514       0x28 ../DaisyExamples/libDaisy//build/libdaisy.a(qspi.o)
 .text._ZN5daisy9SaiHandle4Impl7InitDmaENS1_15PeripheralBlockE
                0x000000000800353c       0xa0 ../DaisyExamples/libDaisy//build/libdaisy.a(sai.o)
                0x000000000800353c                daisy::SaiHandle::Impl::InitDma(daisy::SaiHandle::Impl::PeripheralBlock)
 .text._ZN5daisy9SaiHandle4Impl8InitPinsEv
                0x00000000080035dc       0xa8 ../DaisyExamples/libDaisy//build/libdaisy.a(sai.o)
                0x00000000080035dc                daisy::SaiHandle::Impl::InitPins()
 .text.HAL_SAI_MspInit
                0x0000000008003684      0x164 ../DaisyExamples/libDaisy//build/libdaisy.a(sai.o)
                0x0000000008003684                HAL_SAI_MspInit
 .text.DMA1_Stream0_IRQHandler
                0x00000000080037e8        0xc ../DaisyExamples/libDaisy//build/libdaisy.a(sai.o)
                0x00000000080037e8                DMA1_Stream0_IRQHandler
 .text.DMA1_Stream1_IRQHandler
                0x00000000080037f4        0xc ../DaisyExamples/libDaisy//build/libdaisy.a(sai.o)
                0x00000000080037f4                DMA1_Stream1_IRQHandler
 .text.DMA1_Stream3_IRQHandler
                0x0000000008003800        0xc ../DaisyExamples/libDaisy//build/libdaisy.a(sai.o)
                0x0000000008003800                DMA1_Stream3_IRQHandler
 .text.DMA1_Stream4_IRQHandler
                0x000000000800380c        0xc ../DaisyExamples/libDaisy//build/libdaisy.a(sai.o)
                0x000000000800380c                DMA1_Stream4_IRQHandler
 .text.HAL_SAI_RxHalfCpltCallback
                0x0000000008003818       0x78 ../DaisyExamples/libDaisy//build/libdaisy.a(sai.o)
                0x0000000008003818                HAL_SAI_RxHalfCpltCallback
 .text.HAL_SAI_RxCpltCallback
                0x0000000008003890       0x70 ../DaisyExamples/libDaisy//build/libdaisy.a(sai.o)
                0x0000000008003890                HAL_SAI_RxCpltCallback
 .text._ZN5daisy9SaiHandle4InitERKNS0_6ConfigE
                0x0000000008003900      0x1f0 ../DaisyExamples/libDaisy//build/libdaisy.a(sai.o)
                0x0000000008003900                daisy::SaiHandle::Init(daisy::SaiHandle::Config const&)
 .text._ZNK5daisy9SaiHandle9GetConfigEv
                0x0000000008003af0        0x4 ../DaisyExamples/libDaisy//build/libdaisy.a(sai.o)
                0x0000000008003af0                daisy::SaiHandle::GetConfig() const
 .text._ZN5daisy9SaiHandle8StartDmaEPlS1_jPFvS1_S1_jE
                0x0000000008003af4       0xbc ../DaisyExamples/libDaisy//build/libdaisy.a(sai.o)
                0x0000000008003af4                daisy::SaiHandle::StartDma(long*, long*, unsigned int, void (*)(long*, long*, unsigned int))
 .text._ZN5daisy9SaiHandle13GetSampleRateEv
                0x0000000008003bb0       0x24 ../DaisyExamples/libDaisy//build/libdaisy.a(sai.o)
                0x0000000008003bb0                daisy::SaiHandle::GetSampleRate()
 .text._ZNK5daisy9SaiHandle9GetOffsetEv
                0x0000000008003bd4        0x8 ../DaisyExamples/libDaisy//build/libdaisy.a(sai.o)
                0x0000000008003bd4                daisy::SaiHandle::GetOffset() const
 .text._ZN5daisy11TimerHandleD2Ev
                0x0000000008003bdc        0x4 ../DaisyExamples/libDaisy//build/libdaisy.a(system.o)
                0x0000000008003bdc                daisy::TimerHandle::~TimerHandle()
                0x0000000008003bdc                daisy::TimerHandle::~TimerHandle()
 .text.SysTick_Handler
                0x0000000008003be0       0x10 ../DaisyExamples/libDaisy//build/libdaisy.a(system.o)
                0x0000000008003be0                SysTick_Handler
 .text.OTG_HS_EP1_OUT_IRQHandler
                0x0000000008003bf0       0x24 ../DaisyExamples/libDaisy//build/libdaisy.a(system.o)
                0x0000000008003bf0                OTG_HS_EP1_OUT_IRQHandler
 .text.OTG_HS_EP1_IN_IRQHandler
                0x0000000008003c14       0x24 ../DaisyExamples/libDaisy//build/libdaisy.a(system.o)
                0x0000000008003c14                OTG_HS_EP1_IN_IRQHandler
 .text.OTG_HS_IRQHandler
                0x0000000008003c38       0x24 ../DaisyExamples/libDaisy//build/libdaisy.a(system.o)
                0x0000000008003c38                OTG_HS_IRQHandler
 .text.HardFault_Handler
                0x0000000008003c5c       0xe0 ../DaisyExamples/libDaisy//build/libdaisy.a(system.o)
                0x0000000008003c5c                HardFault_Handler
 .text._ZN5daisy6System5DelayEm
                0x0000000008003d3c        0x4 ../DaisyExamples/libDaisy//build/libdaisy.a(system.o)
                0x0000000008003d3c                daisy::System::Delay(unsigned long)
 .text._ZN5daisy6System20GetBootloaderVersionEv
                0x0000000008003d40       0x34 ../DaisyExamples/libDaisy//build/libdaisy.a(system.o)
                0x0000000008003d40                daisy::System::GetBootloaderVersion()
 .text._ZN5daisy6System15ConfigureClocksEv
                0x0000000008003d74      0x194 ../DaisyExamples/libDaisy//build/libdaisy.a(system.o)
                0x0000000008003d74                daisy::System::ConfigureClocks()
 .text._ZN5daisy6System12ConfigureMpuEv
                0x0000000008003f08       0x7c ../DaisyExamples/libDaisy//build/libdaisy.a(system.o)
                0x0000000008003f08                daisy::System::ConfigureMpu()
 .text._ZN5daisy6System4InitERKNS0_6ConfigE
                0x0000000008003f84       0xec ../DaisyExamples/libDaisy//build/libdaisy.a(system.o)
                0x0000000008003f84                daisy::System::Init(daisy::System::Config const&)
 .text._ZN5daisy6System12GetPClk1FreqEv
                0x0000000008004070        0x4 ../DaisyExamples/libDaisy//build/libdaisy.a(system.o)
                0x0000000008004070                daisy::System::GetPClk1Freq()
 .text._ZN5daisy6System12GetPClk2FreqEv
                0x0000000008004074        0x4 ../DaisyExamples/libDaisy//build/libdaisy.a(system.o)
                0x0000000008004074                daisy::System::GetPClk2Freq()
 .text._ZN5daisy6System22GetProgramMemoryRegionEv
                0x0000000008004078       0x78 ../DaisyExamples/libDaisy//build/libdaisy.a(system.o)
                0x0000000008004078                daisy::System::GetProgramMemoryRegion()
 .text.startup._GLOBAL__sub_I__ZN5daisy9boot_infoE
                0x00000000080040f0       0x1c ../DaisyExamples/libDaisy//build/libdaisy.a(system.o)
 .text.SystemInit
                0x000000000800410c       0x9c ../DaisyExamples/libDaisy//build/libdaisy.a(system_stm32h7xx.o)
                0x000000000800410c                SystemInit
 .text.HAL_PCD_SetupStageCallback
                0x00000000080041a8        0xc ../DaisyExamples/libDaisy//build/libdaisy.a(usbd_conf.o)
                0x00000000080041a8                HAL_PCD_SetupStageCallback
 .text.HAL_PCD_DataOutStageCallback
                0x00000000080041b4       0x14 ../DaisyExamples/libDaisy//build/libdaisy.a(usbd_conf.o)
                0x00000000080041b4                HAL_PCD_DataOutStageCallback
 .text.HAL_PCD_DataInStageCallback
                0x00000000080041c8       0x14 ../DaisyExamples/libDaisy//build/libdaisy.a(usbd_conf.o)
                0x00000000080041c8                HAL_PCD_DataInStageCallback
 .text.HAL_PCD_SOFCallback
                0x00000000080041dc        0x8 ../DaisyExamples/libDaisy//build/libdaisy.a(usbd_conf.o)
                0x00000000080041dc                HAL_PCD_SOFCallback
 .text.HAL_PCD_ResetCallback
                0x00000000080041e4       0x24 ../DaisyExamples/libDaisy//build/libdaisy.a(usbd_conf.o)
                0x00000000080041e4                HAL_PCD_ResetCallback
 .text.HAL_PCD_SuspendCallback
                0x0000000008004208       0x30 ../DaisyExamples/libDaisy//build/libdaisy.a(usbd_conf.o)
                0x0000000008004208                HAL_PCD_SuspendCallback
 .text.HAL_PCD_ResumeCallback
                0x0000000008004238        0x8 ../DaisyExamples/libDaisy//build/libdaisy.a(usbd_conf.o)
                0x0000000008004238                HAL_PCD_ResumeCallback
 .text.HAL_PCD_ISOOUTIncompleteCallback
                0x0000000008004240        0x8 ../DaisyExamples/libDaisy//build/libdaisy.a(usbd_conf.o)
                0x0000000008004240                HAL_PCD_ISOOUTIncompleteCallback
 .text.HAL_PCD_ISOINIncompleteCallback
                0x0000000008004248        0x8 ../DaisyExamples/libDaisy//build/libdaisy.a(usbd_conf.o)
                0x0000000008004248                HAL_PCD_ISOINIncompleteCallback
 .text.HAL_PCD_ConnectCallback
                0x0000000008004250        0x8 ../DaisyExamples/libDaisy//build/libdaisy.a(usbd_conf.o)
                0x0000000008004250                HAL_PCD_ConnectCallback
 .text.HAL_PCD_DisconnectCallback
                0x0000000008004258        0x8 ../DaisyExamples/libDaisy//build/libdaisy.a(usbd_conf.o)
                0x0000000008004258                HAL_PCD_DisconnectCallback
 .text.USBD_LL_OpenEP
                0x0000000008004260       0x24 ../DaisyExamples/libDaisy//build/libdaisy.a(usbd_conf.o)
                0x0000000008004260                USBD_LL_OpenEP
 .text.USBD_LL_StallEP
                0x0000000008004284       0x1c ../DaisyExamples/libDaisy//build/libdaisy.a(usbd_conf.o)
                0x0000000008004284                USBD_LL_StallEP
 .text.USBD_LL_ClearStallEP
                0x00000000080042a0       0x1c ../DaisyExamples/libDaisy//build/libdaisy.a(usbd_conf.o)
                0x00000000080042a0                USBD_LL_ClearStallEP
 .text.USBD_LL_IsStallEP
                0x00000000080042bc       0x28 ../DaisyExamples/libDaisy//build/libdaisy.a(usbd_conf.o)
                0x00000000080042bc                USBD_LL_IsStallEP
 .text.USBD_LL_SetUSBAddress
                0x00000000080042e4       0x1c ../DaisyExamples/libDaisy//build/libdaisy.a(usbd_conf.o)
                0x00000000080042e4                USBD_LL_SetUSBAddress
 .text.USBD_LL_Transmit
                0x0000000008004300       0x1c ../DaisyExamples/libDaisy//build/libdaisy.a(usbd_conf.o)
                0x0000000008004300                USBD_LL_Transmit
 .text.USBD_LL_PrepareReceive
                0x000000000800431c       0x1c ../DaisyExamples/libDaisy//build/libdaisy.a(usbd_conf.o)
                0x000000000800431c                USBD_LL_PrepareReceive
 .text.HAL_HCD_SOF_Callback
                0x0000000008004338        0x8 ../DaisyExamples/libDaisy//build/libdaisy.a(usbh_conf.o)
                0x0000000008004338                HAL_HCD_SOF_Callback
 .text.HAL_HCD_Connect_Callback
                0x0000000008004340        0x8 ../DaisyExamples/libDaisy//build/libdaisy.a(usbh_conf.o)
                0x0000000008004340                HAL_HCD_Connect_Callback
 .text.HAL_HCD_Disconnect_Callback
                0x0000000008004348        0x8 ../DaisyExamples/libDaisy//build/libdaisy.a(usbh_conf.o)
                0x0000000008004348                HAL_HCD_Disconnect_Callback
 .text.HAL_HCD_HC_NotifyURBChange_Callback
                0x0000000008004350        0x4 ../DaisyExamples/libDaisy//build/libdaisy.a(usbh_conf.o)
                0x0000000008004350                HAL_HCD_HC_NotifyURBChange_Callback
 .text.HAL_HCD_PortEnabled_Callback
                0x0000000008004354        0x8 ../DaisyExamples/libDaisy//build/libdaisy.a(usbh_conf.o)
                0x0000000008004354                HAL_HCD_PortEnabled_Callback
 .text.HAL_HCD_PortDisabled_Callback
                0x000000000800435c        0x8 ../DaisyExamples/libDaisy//build/libdaisy.a(usbh_conf.o)
                0x000000000800435c                HAL_HCD_PortDisabled_Callback
 .text.USBH_LL_Stop
                0x0000000008004364       0x1c ../DaisyExamples/libDaisy//build/libdaisy.a(usbh_conf.o)
                0x0000000008004364                USBH_LL_Stop
 .text.dsy_hal_map_get_port
                0x0000000008004380       0x10 ../DaisyExamples/libDaisy//build/libdaisy.a(hal_map.o)
                0x0000000008004380                dsy_hal_map_get_port
 .text.dsy_hal_map_get_pin
                0x0000000008004390       0x10 ../DaisyExamples/libDaisy//build/libdaisy.a(hal_map.o)
                0x0000000008004390                dsy_hal_map_get_pin
 .text.dsy_hal_map_gpio_clk_enable
                0x00000000080043a0      0x150 ../DaisyExamples/libDaisy//build/libdaisy.a(hal_map.o)
                0x00000000080043a0                dsy_hal_map_gpio_clk_enable
 .text.HAL_MspInit
                0x00000000080044f0        0x4 ../DaisyExamples/libDaisy//build/libdaisy.a(stm32h7xx_hal.o)
                0x00000000080044f0                HAL_MspInit
 .text.HAL_InitTick
                0x00000000080044f4       0x4c ../DaisyExamples/libDaisy//build/libdaisy.a(stm32h7xx_hal.o)
                0x00000000080044f4                HAL_InitTick
 .text.HAL_Init
                0x0000000008004540       0x60 ../DaisyExamples/libDaisy//build/libdaisy.a(stm32h7xx_hal.o)
                0x0000000008004540                HAL_Init
 .text.HAL_IncTick
                0x00000000080045a0       0x18 ../DaisyExamples/libDaisy//build/libdaisy.a(stm32h7xx_hal.o)
                0x00000000080045a0                HAL_IncTick
 .text.HAL_GetTick
                0x00000000080045b8        0xc ../DaisyExamples/libDaisy//build/libdaisy.a(stm32h7xx_hal.o)
                0x00000000080045b8                HAL_GetTick
 .text.HAL_Delay
                0x00000000080045c4       0x24 ../DaisyExamples/libDaisy//build/libdaisy.a(stm32h7xx_hal.o)
                0x00000000080045c4                HAL_Delay
 .text.HAL_GetREVID
                0x00000000080045e8        0xc ../DaisyExamples/libDaisy//build/libdaisy.a(stm32h7xx_hal.o)
                0x00000000080045e8                HAL_GetREVID
 .text.HAL_ADC_ConvHalfCpltCallback
                0x00000000080045f4        0x4 ../DaisyExamples/libDaisy//build/libdaisy.a(stm32h7xx_hal_adc.o)
                0x00000000080045f4                HAL_ADC_ConvHalfCpltCallback
 .text.ADC_DMAHalfConvCplt
                0x00000000080045f8        0xc ../DaisyExamples/libDaisy//build/libdaisy.a(stm32h7xx_hal_adc.o)
                0x00000000080045f8                ADC_DMAHalfConvCplt
 .text.ADC_DMAConvCplt
                0x0000000008004604       0x6c ../DaisyExamples/libDaisy//build/libdaisy.a(stm32h7xx_hal_adc.o)
                0x0000000008004604                ADC_DMAConvCplt
 .text.ADC_DMAError
                0x0000000008004670       0x1c ../DaisyExamples/libDaisy//build/libdaisy.a(stm32h7xx_hal_adc.o)
                0x0000000008004670                ADC_DMAError
 .text.HAL_ADC_ConfigChannel
                0x000000000800468c      0x3fc ../DaisyExamples/libDaisy//build/libdaisy.a(stm32h7xx_hal_adc.o)
                0x000000000800468c                HAL_ADC_ConfigChannel
 .text.ADC_Enable
                0x0000000008004a88       0xac ../DaisyExamples/libDaisy//build/libdaisy.a(stm32h7xx_hal_adc.o)
                0x0000000008004a88                ADC_Enable
 .text.HAL_ADC_Start_DMA
                0x0000000008004b34      0x114 ../DaisyExamples/libDaisy//build/libdaisy.a(stm32h7xx_hal_adc.o)
                0x0000000008004b34                HAL_ADC_Start_DMA
 .text.ADC_Disable
                0x0000000008004c48       0x68 ../DaisyExamples/libDaisy//build/libdaisy.a(stm32h7xx_hal_adc.o)
                0x0000000008004c48                ADC_Disable
 .text.ADC_ConfigureBoostMode
                0x0000000008004cb0      0x184 ../DaisyExamples/libDaisy//build/libdaisy.a(stm32h7xx_hal_adc.o)
                0x0000000008004cb0                ADC_ConfigureBoostMode
 .text.HAL_ADC_Init
                0x0000000008004e34      0x218 ../DaisyExamples/libDaisy//build/libdaisy.a(stm32h7xx_hal_adc.o)
                0x0000000008004e34                HAL_ADC_Init
 .text.HAL_ADCEx_Calibration_Start
                0x000000000800504c       0xa4 ../DaisyExamples/libDaisy//build/libdaisy.a(stm32h7xx_hal_adc_ex.o)
                0x000000000800504c                HAL_ADCEx_Calibration_Start
 .text.HAL_ADCEx_MultiModeConfigChannel
                0x00000000080050f0       0xc4 ../DaisyExamples/libDaisy//build/libdaisy.a(stm32h7xx_hal_adc_ex.o)
                0x00000000080050f0                HAL_ADCEx_MultiModeConfigChannel
 .text.HAL_NVIC_SetPriorityGrouping
                0x00000000080051b4       0x24 ../DaisyExamples/libDaisy//build/libdaisy.a(stm32h7xx_hal_cortex.o)
                0x00000000080051b4                HAL_NVIC_SetPriorityGrouping
 .text.HAL_NVIC_SetPriority
                0x00000000080051d8       0x7c ../DaisyExamples/libDaisy//build/libdaisy.a(stm32h7xx_hal_cortex.o)
                0x00000000080051d8                HAL_NVIC_SetPriority
 .text.HAL_NVIC_EnableIRQ
                0x0000000008005254       0x1c ../DaisyExamples/libDaisy//build/libdaisy.a(stm32h7xx_hal_cortex.o)
                0x0000000008005254                HAL_NVIC_EnableIRQ
 .text.HAL_NVIC_DisableIRQ
                0x0000000008005270       0x28 ../DaisyExamples/libDaisy//build/libdaisy.a(stm32h7xx_hal_cortex.o)
                0x0000000008005270                HAL_NVIC_DisableIRQ
 .text.HAL_SYSTICK_Config
                0x0000000008005298       0x2c ../DaisyExamples/libDaisy//build/libdaisy.a(stm32h7xx_hal_cortex.o)
                0x0000000008005298                HAL_SYSTICK_Config
 .text.HAL_MPU_Disable
                0x00000000080052c4       0x1c ../DaisyExamples/libDaisy//build/libdaisy.a(stm32h7xx_hal_cortex.o)
                0x00000000080052c4                HAL_MPU_Disable
 .text.HAL_MPU_Enable
                0x00000000080052e0       0x20 ../DaisyExamples/libDaisy//build/libdaisy.a(stm32h7xx_hal_cortex.o)
                0x00000000080052e0                HAL_MPU_Enable
 .text.HAL_MPU_ConfigRegion
                0x0000000008005300       0x64 ../DaisyExamples/libDaisy//build/libdaisy.a(stm32h7xx_hal_cortex.o)
                0x0000000008005300                HAL_MPU_ConfigRegion
 .text.HAL_SYSTICK_Callback
                0x0000000008005364        0x4 ../DaisyExamples/libDaisy//build/libdaisy.a(stm32h7xx_hal_cortex.o)
                0x0000000008005364                HAL_SYSTICK_Callback
 .text.HAL_SYSTICK_IRQHandler
                0x0000000008005368        0x8 ../DaisyExamples/libDaisy//build/libdaisy.a(stm32h7xx_hal_cortex.o)
                0x0000000008005368                HAL_SYSTICK_IRQHandler
 .text.HAL_DAC_Init
                0x0000000008005370       0x2c ../DaisyExamples/libDaisy//build/libdaisy.a(stm32h7xx_hal_dac.o)
                0x0000000008005370                HAL_DAC_Init
 .text.HAL_DAC_Start_DMA
                0x000000000800539c      0x118 ../DaisyExamples/libDaisy//build/libdaisy.a(stm32h7xx_hal_dac.o)
                0x000000000800539c                HAL_DAC_Start_DMA
 .text.HAL_DAC_Stop_DMA
                0x00000000080054b4       0x5c ../DaisyExamples/libDaisy//build/libdaisy.a(stm32h7xx_hal_dac.o)
                0x00000000080054b4                HAL_DAC_Stop_DMA
 .text.DAC_DMAConvCpltCh1
                0x0000000008005510       0x10 ../DaisyExamples/libDaisy//build/libdaisy.a(stm32h7xx_hal_dac.o)
 .text.DAC_DMAHalfConvCpltCh1
                0x0000000008005520        0xc ../DaisyExamples/libDaisy//build/libdaisy.a(stm32h7xx_hal_dac.o)
 .text.HAL_DAC_ErrorCallbackCh1
                0x000000000800552c        0x4 ../DaisyExamples/libDaisy//build/libdaisy.a(stm32h7xx_hal_dac.o)
                0x000000000800552c                HAL_DAC_ErrorCallbackCh1
 .text.DAC_DMAErrorCh1
                0x0000000008005530       0x18 ../DaisyExamples/libDaisy//build/libdaisy.a(stm32h7xx_hal_dac.o)
 .text.HAL_DAC_DMAUnderrunCallbackCh1
                0x0000000008005548        0x4 ../DaisyExamples/libDaisy//build/libdaisy.a(stm32h7xx_hal_dac.o)
                0x0000000008005548                HAL_DAC_DMAUnderrunCallbackCh1
 .text.HAL_DAC_IRQHandler
                0x000000000800554c       0x68 ../DaisyExamples/libDaisy//build/libdaisy.a(stm32h7xx_hal_dac.o)
                0x000000000800554c                HAL_DAC_IRQHandler
 .text.HAL_DAC_ConfigChannel
                0x00000000080055b4      0x130 ../DaisyExamples/libDaisy//build/libdaisy.a(stm32h7xx_hal_dac.o)
                0x00000000080055b4                HAL_DAC_ConfigChannel
 .text.HAL_DACEx_ErrorCallbackCh2
                0x00000000080056e4        0x4 ../DaisyExamples/libDaisy//build/libdaisy.a(stm32h7xx_hal_dac_ex.o)
                0x00000000080056e4                HAL_DACEx_ErrorCallbackCh2
 .text.HAL_DACEx_DMAUnderrunCallbackCh2
                0x00000000080056e8        0x4 ../DaisyExamples/libDaisy//build/libdaisy.a(stm32h7xx_hal_dac_ex.o)
                0x00000000080056e8                HAL_DACEx_DMAUnderrunCallbackCh2
 .text.DAC_DMAConvCpltCh2
                0x00000000080056ec       0x10 ../DaisyExamples/libDaisy//build/libdaisy.a(stm32h7xx_hal_dac_ex.o)
                0x00000000080056ec                DAC_DMAConvCpltCh2
 .text.DAC_DMAHalfConvCpltCh2
                0x00000000080056fc        0xc ../DaisyExamples/libDaisy//build/libdaisy.a(stm32h7xx_hal_dac_ex.o)
                0x00000000080056fc                DAC_DMAHalfConvCpltCh2
 .text.DAC_DMAErrorCh2
                0x0000000008005708       0x18 ../DaisyExamples/libDaisy//build/libdaisy.a(stm32h7xx_hal_dac_ex.o)
                0x0000000008005708                DAC_DMAErrorCh2
 .text.DMA_CalcBaseAndBitshift
                0x0000000008005720       0xf4 ../DaisyExamples/libDaisy//build/libdaisy.a(stm32h7xx_hal_dma.o)
 .text.DMA_CalcDMAMUXChannelBaseAndMask
                0x0000000008005814       0xd8 ../DaisyExamples/libDaisy//build/libdaisy.a(stm32h7xx_hal_dma.o)
 .text.HAL_DMA_Init
                0x00000000080058ec      0x37c ../DaisyExamples/libDaisy//build/libdaisy.a(stm32h7xx_hal_dma.o)
                0x00000000080058ec                HAL_DMA_Init
 .text.HAL_DMA_Start_IT
                0x0000000008005c68      0x240 ../DaisyExamples/libDaisy//build/libdaisy.a(stm32h7xx_hal_dma.o)
                0x0000000008005c68                HAL_DMA_Start_IT
 .text.HAL_DMA_Abort
                0x0000000008005ea8      0x21c ../DaisyExamples/libDaisy//build/libdaisy.a(stm32h7xx_hal_dma.o)
                0x0000000008005ea8                HAL_DMA_Abort
 .text.HAL_DMA_Abort_IT
                0x00000000080060c4      0x134 ../DaisyExamples/libDaisy//build/libdaisy.a(stm32h7xx_hal_dma.o)
                0x00000000080060c4                HAL_DMA_Abort_IT
 .text.HAL_DMA_IRQHandler
                0x00000000080061f8      0x6a0 ../DaisyExamples/libDaisy//build/libdaisy.a(stm32h7xx_hal_dma.o)
                0x00000000080061f8                HAL_DMA_IRQHandler
 .text.HAL_DMA_GetError
                0x0000000008006898        0x4 ../DaisyExamples/libDaisy//build/libdaisy.a(stm32h7xx_hal_dma.o)
                0x0000000008006898                HAL_DMA_GetError
 .text.HAL_GPIO_Init
                0x000000000800689c      0x280 ../DaisyExamples/libDaisy//build/libdaisy.a(stm32h7xx_hal_gpio.o)
                0x000000000800689c                HAL_GPIO_Init
 .text.HAL_GPIO_DeInit
                0x0000000008006b1c      0x190 ../DaisyExamples/libDaisy//build/libdaisy.a(stm32h7xx_hal_gpio.o)
                0x0000000008006b1c                HAL_GPIO_DeInit
 .text.HAL_GPIO_WritePin
                0x0000000008006cac        0x8 ../DaisyExamples/libDaisy//build/libdaisy.a(stm32h7xx_hal_gpio.o)
                0x0000000008006cac                HAL_GPIO_WritePin
 .text.HAL_HCD_IRQHandler
                0x0000000008006cb4      0x780 ../DaisyExamples/libDaisy//build/libdaisy.a(stm32h7xx_hal_hcd.o)
                0x0000000008006cb4                HAL_HCD_IRQHandler
 .text.HAL_HCD_Stop
                0x0000000008007434       0x28 ../DaisyExamples/libDaisy//build/libdaisy.a(stm32h7xx_hal_hcd.o)
                0x0000000008007434                HAL_HCD_Stop
 .text.I2C_WaitOnTXISFlagUntilTimeout
                0x000000000800745c       0xb8 ../DaisyExamples/libDaisy//build/libdaisy.a(stm32h7xx_hal_i2c.o)
 .text.I2C_WaitOnSTOPFlagUntilTimeout
                0x0000000008007514       0xac ../DaisyExamples/libDaisy//build/libdaisy.a(stm32h7xx_hal_i2c.o)
 .text.HAL_I2C_Init
                0x00000000080075c0       0xac ../DaisyExamples/libDaisy//build/libdaisy.a(stm32h7xx_hal_i2c.o)
                0x00000000080075c0                HAL_I2C_Init
 .text.HAL_I2C_Mem_Write
                0x000000000800766c      0x254 ../DaisyExamples/libDaisy//build/libdaisy.a(stm32h7xx_hal_i2c.o)
                0x000000000800766c                HAL_I2C_Mem_Write
 .text.HAL_I2C_Mem_Read
                0x00000000080078c0      0x29c ../DaisyExamples/libDaisy//build/libdaisy.a(stm32h7xx_hal_i2c.o)
                0x00000000080078c0                HAL_I2C_Mem_Read
 .text.HAL_I2C_EV_IRQHandler
                0x0000000008007b5c       0x10 ../DaisyExamples/libDaisy//build/libdaisy.a(stm32h7xx_hal_i2c.o)
                0x0000000008007b5c                HAL_I2C_EV_IRQHandler
 .text.HAL_I2C_GetState
                0x0000000008007b6c        0x8 ../DaisyExamples/libDaisy//build/libdaisy.a(stm32h7xx_hal_i2c.o)
                0x0000000008007b6c                HAL_I2C_GetState
 .text.HAL_I2CEx_ConfigAnalogFilter
                0x0000000008007b74       0x54 ../DaisyExamples/libDaisy//build/libdaisy.a(stm32h7xx_hal_i2c_ex.o)
                0x0000000008007b74                HAL_I2CEx_ConfigAnalogFilter
 .text.HAL_I2CEx_ConfigDigitalFilter
                0x0000000008007bc8       0x58 ../DaisyExamples/libDaisy//build/libdaisy.a(stm32h7xx_hal_i2c_ex.o)
                0x0000000008007bc8                HAL_I2CEx_ConfigDigitalFilter
 .text.HAL_PCD_IRQHandler
                0x0000000008007c20      0x69c ../DaisyExamples/libDaisy//build/libdaisy.a(stm32h7xx_hal_pcd.o)
                0x0000000008007c20                HAL_PCD_IRQHandler
 .text.HAL_PCD_SetAddress
                0x00000000080082bc       0x2c ../DaisyExamples/libDaisy//build/libdaisy.a(stm32h7xx_hal_pcd.o)
                0x00000000080082bc                HAL_PCD_SetAddress
 .text.HAL_PCD_EP_Open
                0x00000000080082e8       0x7c ../DaisyExamples/libDaisy//build/libdaisy.a(stm32h7xx_hal_pcd.o)
                0x00000000080082e8                HAL_PCD_EP_Open
 .text.HAL_PCD_EP_Receive
                0x0000000008008364       0x50 ../DaisyExamples/libDaisy//build/libdaisy.a(stm32h7xx_hal_pcd.o)
                0x0000000008008364                HAL_PCD_EP_Receive
 .text.HAL_PCD_EP_Transmit
                0x00000000080083b4       0x50 ../DaisyExamples/libDaisy//build/libdaisy.a(stm32h7xx_hal_pcd.o)
                0x00000000080083b4                HAL_PCD_EP_Transmit
 .text.HAL_PCD_EP_SetStall
                0x0000000008008404       0x88 ../DaisyExamples/libDaisy//build/libdaisy.a(stm32h7xx_hal_pcd.o)
                0x0000000008008404                HAL_PCD_EP_SetStall
 .text.HAL_PCD_EP_ClrStall
                0x000000000800848c       0x78 ../DaisyExamples/libDaisy//build/libdaisy.a(stm32h7xx_hal_pcd.o)
                0x000000000800848c                HAL_PCD_EP_ClrStall
 .text.HAL_PCDEx_LPM_Callback
                0x0000000008008504        0x4 ../DaisyExamples/libDaisy//build/libdaisy.a(stm32h7xx_hal_pcd_ex.o)
                0x0000000008008504                HAL_PCDEx_LPM_Callback
 .text.HAL_PWREx_ConfigSupply
                0x0000000008008508       0x4c ../DaisyExamples/libDaisy//build/libdaisy.a(stm32h7xx_hal_pwr_ex.o)
                0x0000000008008508                HAL_PWREx_ConfigSupply
 .text.HAL_PWREx_EnableUSBVoltageDetector
                0x0000000008008554       0x10 ../DaisyExamples/libDaisy//build/libdaisy.a(stm32h7xx_hal_pwr_ex.o)
                0x0000000008008554                HAL_PWREx_EnableUSBVoltageDetector
 .text.QSPI_Config
                0x0000000008008564      0x174 ../DaisyExamples/libDaisy//build/libdaisy.a(stm32h7xx_hal_qspi.o)
 .text.HAL_QSPI_Init
                0x00000000080086d8       0xd8 ../DaisyExamples/libDaisy//build/libdaisy.a(stm32h7xx_hal_qspi.o)
                0x00000000080086d8                HAL_QSPI_Init
 .text.HAL_QSPI_DeInit
                0x00000000080087b0       0x3c ../DaisyExamples/libDaisy//build/libdaisy.a(stm32h7xx_hal_qspi.o)
                0x00000000080087b0                HAL_QSPI_DeInit
 .text.HAL_QSPI_Command
                0x00000000080087ec       0xd4 ../DaisyExamples/libDaisy//build/libdaisy.a(stm32h7xx_hal_qspi.o)
                0x00000000080087ec                HAL_QSPI_Command
 .text.HAL_QSPI_Transmit
                0x00000000080088c0       0xfc ../DaisyExamples/libDaisy//build/libdaisy.a(stm32h7xx_hal_qspi.o)
                0x00000000080088c0                HAL_QSPI_Transmit
 .text.HAL_QSPI_Receive
                0x00000000080089bc      0x108 ../DaisyExamples/libDaisy//build/libdaisy.a(stm32h7xx_hal_qspi.o)
                0x00000000080089bc                HAL_QSPI_Receive
 .text.HAL_QSPI_AutoPolling
                0x0000000008008ac4       0xf0 ../DaisyExamples/libDaisy//build/libdaisy.a(stm32h7xx_hal_qspi.o)
                0x0000000008008ac4                HAL_QSPI_AutoPolling
 .text.HAL_QSPI_MemoryMapped
                0x0000000008008bb4       0xc0 ../DaisyExamples/libDaisy//build/libdaisy.a(stm32h7xx_hal_qspi.o)
                0x0000000008008bb4                HAL_QSPI_MemoryMapped
 .text.HAL_QSPI_ErrorCallback
                0x0000000008008c74        0x4 ../DaisyExamples/libDaisy//build/libdaisy.a(stm32h7xx_hal_qspi.o)
                0x0000000008008c74                HAL_QSPI_ErrorCallback
 .text.QSPI_DMAAbortCplt
                0x0000000008008c78       0x38 ../DaisyExamples/libDaisy//build/libdaisy.a(stm32h7xx_hal_qspi.o)
 .text.HAL_QSPI_AbortCpltCallback
                0x0000000008008cb0        0x4 ../DaisyExamples/libDaisy//build/libdaisy.a(stm32h7xx_hal_qspi.o)
                0x0000000008008cb0                HAL_QSPI_AbortCpltCallback
 .text.HAL_QSPI_CmdCpltCallback
                0x0000000008008cb4        0x4 ../DaisyExamples/libDaisy//build/libdaisy.a(stm32h7xx_hal_qspi.o)
                0x0000000008008cb4                HAL_QSPI_CmdCpltCallback
 .text.HAL_QSPI_RxCpltCallback
                0x0000000008008cb8        0x4 ../DaisyExamples/libDaisy//build/libdaisy.a(stm32h7xx_hal_qspi.o)
                0x0000000008008cb8                HAL_QSPI_RxCpltCallback
 .text.HAL_QSPI_TxCpltCallback
                0x0000000008008cbc        0x4 ../DaisyExamples/libDaisy//build/libdaisy.a(stm32h7xx_hal_qspi.o)
                0x0000000008008cbc                HAL_QSPI_TxCpltCallback
 .text.HAL_QSPI_FifoThresholdCallback
                0x0000000008008cc0        0x4 ../DaisyExamples/libDaisy//build/libdaisy.a(stm32h7xx_hal_qspi.o)
                0x0000000008008cc0                HAL_QSPI_FifoThresholdCallback
 .text.HAL_QSPI_StatusMatchCallback
                0x0000000008008cc4        0x4 ../DaisyExamples/libDaisy//build/libdaisy.a(stm32h7xx_hal_qspi.o)
                0x0000000008008cc4                HAL_QSPI_StatusMatchCallback
 .text.HAL_QSPI_TimeOutCallback
                0x0000000008008cc8        0x4 ../DaisyExamples/libDaisy//build/libdaisy.a(stm32h7xx_hal_qspi.o)
                0x0000000008008cc8                HAL_QSPI_TimeOutCallback
 .text.HAL_QSPI_IRQHandler
                0x0000000008008ccc      0x210 ../DaisyExamples/libDaisy//build/libdaisy.a(stm32h7xx_hal_qspi.o)
                0x0000000008008ccc                HAL_QSPI_IRQHandler
 .text.HAL_RCC_OscConfig
                0x0000000008008edc      0x51c ../DaisyExamples/libDaisy//build/libdaisy.a(stm32h7xx_hal_rcc.o)
                0x0000000008008edc                HAL_RCC_OscConfig
 .text.HAL_RCC_GetSysClockFreq
                0x00000000080093f8      0x140 ../DaisyExamples/libDaisy//build/libdaisy.a(stm32h7xx_hal_rcc.o)
                0x00000000080093f8                HAL_RCC_GetSysClockFreq
 .text.HAL_RCC_ClockConfig
                0x0000000008009538      0x234 ../DaisyExamples/libDaisy//build/libdaisy.a(stm32h7xx_hal_rcc.o)
                0x0000000008009538                HAL_RCC_ClockConfig
 .text.HAL_RCC_GetHCLKFreq
                0x000000000800976c       0x2c ../DaisyExamples/libDaisy//build/libdaisy.a(stm32h7xx_hal_rcc.o)
                0x000000000800976c                HAL_RCC_GetHCLKFreq
 .text.HAL_RCC_GetPCLK1Freq
                0x0000000008009798       0x38 ../DaisyExamples/libDaisy//build/libdaisy.a(stm32h7xx_hal_rcc.o)
                0x0000000008009798                HAL_RCC_GetPCLK1Freq
 .text.HAL_RCC_GetPCLK2Freq
                0x00000000080097d0       0x38 ../DaisyExamples/libDaisy//build/libdaisy.a(stm32h7xx_hal_rcc.o)
                0x00000000080097d0                HAL_RCC_GetPCLK2Freq
 .text.RCCEx_PLL2_Config
                0x0000000008009808       0xf4 ../DaisyExamples/libDaisy//build/libdaisy.a(stm32h7xx_hal_rcc_ex.o)
 .text.RCCEx_PLL3_Config
                0x00000000080098fc       0xf4 ../DaisyExamples/libDaisy//build/libdaisy.a(stm32h7xx_hal_rcc_ex.o)
 .text.HAL_RCCEx_PeriphCLKConfig
                0x00000000080099f0      0xa7c ../DaisyExamples/libDaisy//build/libdaisy.a(stm32h7xx_hal_rcc_ex.o)
                0x00000000080099f0                HAL_RCCEx_PeriphCLKConfig
 .text.HAL_RCCEx_GetD3PCLK1Freq
                0x000000000800a46c       0x24 ../DaisyExamples/libDaisy//build/libdaisy.a(stm32h7xx_hal_rcc_ex.o)
                0x000000000800a46c                HAL_RCCEx_GetD3PCLK1Freq
 .text.HAL_RCCEx_GetPLL2ClockFreq
                0x000000000800a490      0x17c ../DaisyExamples/libDaisy//build/libdaisy.a(stm32h7xx_hal_rcc_ex.o)
                0x000000000800a490                HAL_RCCEx_GetPLL2ClockFreq
 .text.HAL_RCCEx_GetPLL3ClockFreq
                0x000000000800a60c      0x17c ../DaisyExamples/libDaisy//build/libdaisy.a(stm32h7xx_hal_rcc_ex.o)
                0x000000000800a60c                HAL_RCCEx_GetPLL3ClockFreq
 .text.HAL_RCCEx_GetPLL1ClockFreq
                0x000000000800a788      0x17c ../DaisyExamples/libDaisy//build/libdaisy.a(stm32h7xx_hal_rcc_ex.o)
                0x000000000800a788                HAL_RCCEx_GetPLL1ClockFreq
 .text.HAL_RCCEx_GetPeriphCLKFreq
                0x000000000800a904      0x198 ../DaisyExamples/libDaisy//build/libdaisy.a(stm32h7xx_hal_rcc_ex.o)
                0x000000000800a904                HAL_RCCEx_GetPeriphCLKFreq
 .text.HAL_RCCEx_GetD1SysClockFreq
                0x000000000800aa9c       0x2c ../DaisyExamples/libDaisy//build/libdaisy.a(stm32h7xx_hal_rcc_ex.o)
                0x000000000800aa9c                HAL_RCCEx_GetD1SysClockFreq
 .text.HAL_SAI_Init.part.0
                0x000000000800aac8      0x348 ../DaisyExamples/libDaisy//build/libdaisy.a(stm32h7xx_hal_sai.o)
 .text.HAL_SAI_InitProtocol
                0x000000000800ae10      0x178 ../DaisyExamples/libDaisy//build/libdaisy.a(stm32h7xx_hal_sai.o)
                0x000000000800ae10                HAL_SAI_InitProtocol
 .text.HAL_SAI_Transmit_DMA
                0x000000000800af88      0x124 ../DaisyExamples/libDaisy//build/libdaisy.a(stm32h7xx_hal_sai.o)
                0x000000000800af88                HAL_SAI_Transmit_DMA
 .text.HAL_SAI_Receive_DMA
                0x000000000800b0ac       0xd0 ../DaisyExamples/libDaisy//build/libdaisy.a(stm32h7xx_hal_sai.o)
                0x000000000800b0ac                HAL_SAI_Receive_DMA
 .text.HAL_SAI_TxCpltCallback
                0x000000000800b17c        0x4 ../DaisyExamples/libDaisy//build/libdaisy.a(stm32h7xx_hal_sai.o)
                0x000000000800b17c                HAL_SAI_TxCpltCallback
 .text.SAI_DMATxCplt
                0x000000000800b180       0x64 ../DaisyExamples/libDaisy//build/libdaisy.a(stm32h7xx_hal_sai.o)
 .text.HAL_SAI_TxHalfCpltCallback
                0x000000000800b1e4        0x4 ../DaisyExamples/libDaisy//build/libdaisy.a(stm32h7xx_hal_sai.o)
                0x000000000800b1e4                HAL_SAI_TxHalfCpltCallback
 .text.SAI_DMATxHalfCplt
                0x000000000800b1e8        0xc ../DaisyExamples/libDaisy//build/libdaisy.a(stm32h7xx_hal_sai.o)
 .text.SAI_DMARxCplt
                0x000000000800b1f4       0x64 ../DaisyExamples/libDaisy//build/libdaisy.a(stm32h7xx_hal_sai.o)
 .text.SAI_DMARxHalfCplt
                0x000000000800b258        0xc ../DaisyExamples/libDaisy//build/libdaisy.a(stm32h7xx_hal_sai.o)
 .text.HAL_SAI_ErrorCallback
                0x000000000800b264        0x4 ../DaisyExamples/libDaisy//build/libdaisy.a(stm32h7xx_hal_sai.o)
                0x000000000800b264                HAL_SAI_ErrorCallback
 .text.SAI_DMAError
                0x000000000800b268       0x6c ../DaisyExamples/libDaisy//build/libdaisy.a(stm32h7xx_hal_sai.o)
 .text.HAL_SDRAM_Init
                0x000000000800b2d4       0x54 ../DaisyExamples/libDaisy//build/libdaisy.a(stm32h7xx_hal_sdram.o)
                0x000000000800b2d4                HAL_SDRAM_Init
 .text.HAL_SDRAM_SendCommand
                0x000000000800b328       0x40 ../DaisyExamples/libDaisy//build/libdaisy.a(stm32h7xx_hal_sdram.o)
                0x000000000800b328                HAL_SDRAM_SendCommand
 .text.HAL_SDRAM_ProgramRefreshRate
                0x000000000800b368       0x30 ../DaisyExamples/libDaisy//build/libdaisy.a(stm32h7xx_hal_sdram.o)
                0x000000000800b368                HAL_SDRAM_ProgramRefreshRate
 .text.HAL_TIM_Base_Init
                0x000000000800b398      0x140 ../DaisyExamples/libDaisy//build/libdaisy.a(stm32h7xx_hal_tim.o)
                0x000000000800b398                HAL_TIM_Base_Init
 .text.HAL_TIM_Base_Start
                0x000000000800b4d8       0x34 ../DaisyExamples/libDaisy//build/libdaisy.a(stm32h7xx_hal_tim.o)
                0x000000000800b4d8                HAL_TIM_Base_Start
 .text.HAL_TIM_Base_Start_IT
                0x000000000800b50c       0x2c ../DaisyExamples/libDaisy//build/libdaisy.a(stm32h7xx_hal_tim.o)
                0x000000000800b50c                HAL_TIM_Base_Start_IT
 .text.HAL_TIM_ConfigClockSource
                0x000000000800b538      0x17c ../DaisyExamples/libDaisy//build/libdaisy.a(stm32h7xx_hal_tim.o)
                0x000000000800b538                HAL_TIM_ConfigClockSource
 .text.HAL_TIM_OC_DelayElapsedCallback
                0x000000000800b6b4        0x4 ../DaisyExamples/libDaisy//build/libdaisy.a(stm32h7xx_hal_tim.o)
                0x000000000800b6b4                HAL_TIM_OC_DelayElapsedCallback
 .text.HAL_TIM_IC_CaptureCallback
                0x000000000800b6b8        0x4 ../DaisyExamples/libDaisy//build/libdaisy.a(stm32h7xx_hal_tim.o)
                0x000000000800b6b8                HAL_TIM_IC_CaptureCallback
 .text.HAL_TIM_PWM_PulseFinishedCallback
                0x000000000800b6bc        0x4 ../DaisyExamples/libDaisy//build/libdaisy.a(stm32h7xx_hal_tim.o)
                0x000000000800b6bc                HAL_TIM_PWM_PulseFinishedCallback
 .text.HAL_TIM_TriggerCallback
                0x000000000800b6c0        0x4 ../DaisyExamples/libDaisy//build/libdaisy.a(stm32h7xx_hal_tim.o)
                0x000000000800b6c0                HAL_TIM_TriggerCallback
 .text.HAL_TIM_IRQHandler
                0x000000000800b6c4      0x170 ../DaisyExamples/libDaisy//build/libdaisy.a(stm32h7xx_hal_tim.o)
                0x000000000800b6c4                HAL_TIM_IRQHandler
 .text.HAL_TIMEx_MasterConfigSynchronization
                0x000000000800b834       0x64 ../DaisyExamples/libDaisy//build/libdaisy.a(stm32h7xx_hal_tim_ex.o)
                0x000000000800b834                HAL_TIMEx_MasterConfigSynchronization
 .text.HAL_TIMEx_CommutCallback
                0x000000000800b898        0x4 ../DaisyExamples/libDaisy//build/libdaisy.a(stm32h7xx_hal_tim_ex.o)
                0x000000000800b898                HAL_TIMEx_CommutCallback
 .text.HAL_TIMEx_BreakCallback
                0x000000000800b89c        0x4 ../DaisyExamples/libDaisy//build/libdaisy.a(stm32h7xx_hal_tim_ex.o)
                0x000000000800b89c                HAL_TIMEx_BreakCallback
 .text.HAL_TIMEx_Break2Callback
                0x000000000800b8a0        0x4 ../DaisyExamples/libDaisy//build/libdaisy.a(stm32h7xx_hal_tim_ex.o)
                0x000000000800b8a0                HAL_TIMEx_Break2Callback
 .text.FMC_SDRAM_Init
                0x000000000800b8a4       0x7c ../DaisyExamples/libDaisy//build/libdaisy.a(stm32h7xx_ll_fmc.o)
                0x000000000800b8a4                FMC_SDRAM_Init
 .text.FMC_SDRAM_Timing_Init
                0x000000000800b920       0x98 ../DaisyExamples/libDaisy//build/libdaisy.a(stm32h7xx_ll_fmc.o)
                0x000000000800b920                FMC_SDRAM_Timing_Init
 .text.FMC_SDRAM_SendCommand
                0x000000000800b9b8       0x28 ../DaisyExamples/libDaisy//build/libdaisy.a(stm32h7xx_ll_fmc.o)
                0x000000000800b9b8                FMC_SDRAM_SendCommand
 .text.FMC_SDRAM_ProgramRefreshRate
                0x000000000800b9e0       0x1c ../DaisyExamples/libDaisy//build/libdaisy.a(stm32h7xx_ll_fmc.o)
                0x000000000800b9e0                FMC_SDRAM_ProgramRefreshRate
 .text.USB_SetTurnaroundTime
                0x000000000800b9fc      0x104 ../DaisyExamples/libDaisy//build/libdaisy.a(stm32h7xx_ll_usb.o)
                0x000000000800b9fc                USB_SetTurnaroundTime
 .text.USB_FlushTxFifo
                0x000000000800bb00       0x34 ../DaisyExamples/libDaisy//build/libdaisy.a(stm32h7xx_ll_usb.o)
                0x000000000800bb00                USB_FlushTxFifo
 .text.USB_GetDevSpeed
                0x000000000800bb34       0x24 ../DaisyExamples/libDaisy//build/libdaisy.a(stm32h7xx_ll_usb.o)
                0x000000000800bb34                USB_GetDevSpeed
 .text.USB_ActivateEndpoint
                0x000000000800bb58       0x90 ../DaisyExamples/libDaisy//build/libdaisy.a(stm32h7xx_ll_usb.o)
                0x000000000800bb58                USB_ActivateEndpoint
 .text.USB_EPStartXfer
                0x000000000800bbe8      0x230 ../DaisyExamples/libDaisy//build/libdaisy.a(stm32h7xx_ll_usb.o)
                0x000000000800bbe8                USB_EPStartXfer
 .text.USB_EP0StartXfer
                0x000000000800be18      0x174 ../DaisyExamples/libDaisy//build/libdaisy.a(stm32h7xx_ll_usb.o)
                0x000000000800be18                USB_EP0StartXfer
 .text.USB_WritePacket
                0x000000000800bf8c       0x2c ../DaisyExamples/libDaisy//build/libdaisy.a(stm32h7xx_ll_usb.o)
                0x000000000800bf8c                USB_WritePacket
 .text.USB_ReadPacket
                0x000000000800bfb8       0x20 ../DaisyExamples/libDaisy//build/libdaisy.a(stm32h7xx_ll_usb.o)
                0x000000000800bfb8                USB_ReadPacket
 .text.USB_EPSetStall
                0x000000000800bfd8       0x68 ../DaisyExamples/libDaisy//build/libdaisy.a(stm32h7xx_ll_usb.o)
                0x000000000800bfd8                USB_EPSetStall
 .text.USB_EPClearStall
                0x000000000800c040       0x58 ../DaisyExamples/libDaisy//build/libdaisy.a(stm32h7xx_ll_usb.o)
                0x000000000800c040                USB_EPClearStall
 .text.USB_SetDevAddress
                0x000000000800c098       0x24 ../DaisyExamples/libDaisy//build/libdaisy.a(stm32h7xx_ll_usb.o)
                0x000000000800c098                USB_SetDevAddress
 .text.USB_ReadInterrupts
                0x000000000800c0bc       0x14 ../DaisyExamples/libDaisy//build/libdaisy.a(stm32h7xx_ll_usb.o)
                0x000000000800c0bc                USB_ReadInterrupts
 .text.USB_ReadDevAllOutEpInterrupt
                0x000000000800c0d0       0x1c ../DaisyExamples/libDaisy//build/libdaisy.a(stm32h7xx_ll_usb.o)
                0x000000000800c0d0                USB_ReadDevAllOutEpInterrupt
 .text.USB_ReadDevAllInEpInterrupt
                0x000000000800c0ec       0x1c ../DaisyExamples/libDaisy//build/libdaisy.a(stm32h7xx_ll_usb.o)
                0x000000000800c0ec                USB_ReadDevAllInEpInterrupt
 .text.USB_ReadDevOutEPInterrupt
                0x000000000800c108       0x1c ../DaisyExamples/libDaisy//build/libdaisy.a(stm32h7xx_ll_usb.o)
                0x000000000800c108                USB_ReadDevOutEPInterrupt
 .text.USB_ReadDevInEPInterrupt
                0x000000000800c124       0x38 ../DaisyExamples/libDaisy//build/libdaisy.a(stm32h7xx_ll_usb.o)
                0x000000000800c124                USB_ReadDevInEPInterrupt
 .text.USB_GetMode
                0x000000000800c15c        0x8 ../DaisyExamples/libDaisy//build/libdaisy.a(stm32h7xx_ll_usb.o)
                0x000000000800c15c                USB_GetMode
 .text.USB_ActivateSetup
                0x000000000800c164       0x38 ../DaisyExamples/libDaisy//build/libdaisy.a(stm32h7xx_ll_usb.o)
                0x000000000800c164                USB_ActivateSetup
 .text.USB_EP0_OutStart
                0x000000000800c19c       0x58 ../DaisyExamples/libDaisy//build/libdaisy.a(stm32h7xx_ll_usb.o)
                0x000000000800c19c                USB_EP0_OutStart
 .text.USB_InitFSLSPClkSel
                0x000000000800c1f4       0x44 ../DaisyExamples/libDaisy//build/libdaisy.a(stm32h7xx_ll_usb.o)
                0x000000000800c1f4                USB_InitFSLSPClkSel
 .text.USB_HC_ReadInterrupt
                0x000000000800c238        0x8 ../DaisyExamples/libDaisy//build/libdaisy.a(stm32h7xx_ll_usb.o)
                0x000000000800c238                USB_HC_ReadInterrupt
 .text.USB_HC_Halt
                0x000000000800c240       0xc0 ../DaisyExamples/libDaisy//build/libdaisy.a(stm32h7xx_ll_usb.o)
                0x000000000800c240                USB_HC_Halt
 .text.USB_StopHost
                0x000000000800c300      0x2ec ../DaisyExamples/libDaisy//build/libdaisy.a(stm32h7xx_ll_usb.o)
                0x000000000800c300                USB_StopHost
 .text.USBD_SetClassConfig
                0x000000000800c5ec       0x14 ../DaisyExamples/libDaisy//build/libdaisy.a(usbd_core.o)
                0x000000000800c5ec                USBD_SetClassConfig
 .text.USBD_ClrClassConfig
                0x000000000800c600       0x10 ../DaisyExamples/libDaisy//build/libdaisy.a(usbd_core.o)
                0x000000000800c600                USBD_ClrClassConfig
 .text.USBD_LL_SetupStage
                0x000000000800c610       0x5c ../DaisyExamples/libDaisy//build/libdaisy.a(usbd_core.o)
                0x000000000800c610                USBD_LL_SetupStage
 .text.USBD_LL_DataOutStage
                0x000000000800c66c       0x7c ../DaisyExamples/libDaisy//build/libdaisy.a(usbd_core.o)
                0x000000000800c66c                USBD_LL_DataOutStage
 .text.USBD_LL_DataInStage
                0x000000000800c6e8       0xcc ../DaisyExamples/libDaisy//build/libdaisy.a(usbd_core.o)
                0x000000000800c6e8                USBD_LL_DataInStage
 .text.USBD_LL_Reset
                0x000000000800c7b4       0x50 ../DaisyExamples/libDaisy//build/libdaisy.a(usbd_core.o)
                0x000000000800c7b4                USBD_LL_Reset
 .text.USBD_LL_SetSpeed
                0x000000000800c804        0x8 ../DaisyExamples/libDaisy//build/libdaisy.a(usbd_core.o)
                0x000000000800c804                USBD_LL_SetSpeed
 .text.USBD_LL_Suspend
                0x000000000800c80c       0x14 ../DaisyExamples/libDaisy//build/libdaisy.a(usbd_core.o)
                0x000000000800c80c                USBD_LL_Suspend
 .text.USBD_LL_Resume
                0x000000000800c820       0x10 ../DaisyExamples/libDaisy//build/libdaisy.a(usbd_core.o)
                0x000000000800c820                USBD_LL_Resume
 .text.USBD_LL_SOF
                0x000000000800c830       0x1c ../DaisyExamples/libDaisy//build/libdaisy.a(usbd_core.o)
                0x000000000800c830                USBD_LL_SOF
 .text.USBD_LL_IsoINIncomplete
                0x000000000800c84c        0x4 ../DaisyExamples/libDaisy//build/libdaisy.a(usbd_core.o)
                0x000000000800c84c                USBD_LL_IsoINIncomplete
 .text.USBD_LL_IsoOUTIncomplete
                0x000000000800c850        0x4 ../DaisyExamples/libDaisy//build/libdaisy.a(usbd_core.o)
                0x000000000800c850                USBD_LL_IsoOUTIncomplete
 .text.USBD_LL_DevConnected
                0x000000000800c854        0x4 ../DaisyExamples/libDaisy//build/libdaisy.a(usbd_core.o)
                0x000000000800c854                USBD_LL_DevConnected
 .text.USBD_LL_DevDisconnected
                0x000000000800c858       0x18 ../DaisyExamples/libDaisy//build/libdaisy.a(usbd_core.o)
                0x000000000800c858                USBD_LL_DevDisconnected
 .text.USBD_StdDevReq
                0x000000000800c870      0x304 ../DaisyExamples/libDaisy//build/libdaisy.a(usbd_ctlreq.o)
                0x000000000800c870                USBD_StdDevReq
 .text.USBD_StdItfReq
                0x000000000800cb74       0x68 ../DaisyExamples/libDaisy//build/libdaisy.a(usbd_ctlreq.o)
                0x000000000800cb74                USBD_StdItfReq
 .text.USBD_StdEPReq
                0x000000000800cbdc      0x13c ../DaisyExamples/libDaisy//build/libdaisy.a(usbd_ctlreq.o)
                0x000000000800cbdc                USBD_StdEPReq
 .text.USBD_ParseSetupRequest
                0x000000000800cd18       0x28 ../DaisyExamples/libDaisy//build/libdaisy.a(usbd_ctlreq.o)
                0x000000000800cd18                USBD_ParseSetupRequest
 .text.USBD_CtlSendData
                0x000000000800cd40       0x1c ../DaisyExamples/libDaisy//build/libdaisy.a(usbd_ioreq.o)
                0x000000000800cd40                USBD_CtlSendData
 .text.USBD_CtlContinueSendData
                0x000000000800cd5c       0x14 ../DaisyExamples/libDaisy//build/libdaisy.a(usbd_ioreq.o)
                0x000000000800cd5c                USBD_CtlContinueSendData
 .text.USBD_CtlContinueRx
                0x000000000800cd70       0x14 ../DaisyExamples/libDaisy//build/libdaisy.a(usbd_ioreq.o)
                0x000000000800cd70                USBD_CtlContinueRx
 .text.USBD_CtlSendStatus
                0x000000000800cd84       0x18 ../DaisyExamples/libDaisy//build/libdaisy.a(usbd_ioreq.o)
                0x000000000800cd84                USBD_CtlSendStatus
 .text.USBD_CtlReceiveStatus
                0x000000000800cd9c       0x18 ../DaisyExamples/libDaisy//build/libdaisy.a(usbd_ioreq.o)
                0x000000000800cd9c                USBD_CtlReceiveStatus
 .text.USBH_LL_IncTimer
                0x000000000800cdb4       0x20 ../DaisyExamples/libDaisy//build/libdaisy.a(usbh_core.o)
                0x000000000800cdb4                USBH_LL_IncTimer
 .text.USBH_LL_PortEnabled
                0x000000000800cdd4        0x8 ../DaisyExamples/libDaisy//build/libdaisy.a(usbh_core.o)
                0x000000000800cdd4                USBH_LL_PortEnabled
 .text.USBH_LL_PortDisabled
                0x000000000800cddc        0x8 ../DaisyExamples/libDaisy//build/libdaisy.a(usbh_core.o)
                0x000000000800cddc                USBH_LL_PortDisabled
 .text.USBH_LL_Connect
                0x000000000800cde4       0x18 ../DaisyExamples/libDaisy//build/libdaisy.a(usbh_core.o)
                0x000000000800cde4                USBH_LL_Connect
 .text.USBH_LL_Disconnect
                0x000000000800cdfc       0x2c ../DaisyExamples/libDaisy//build/libdaisy.a(usbh_core.o)
                0x000000000800cdfc                USBH_LL_Disconnect
 .text.USBH_FreePipe
                0x000000000800ce28       0x18 ../DaisyExamples/libDaisy//build/libdaisy.a(usbh_pipes.o)
                0x000000000800ce28                USBH_FreePipe
 .text._ZN5daisy6Random4InitEv
                0x000000000800ce40       0x3c ../DaisyExamples/libDaisy//build/libdaisy.a(rng.o)
                0x000000000800ce40                daisy::Random::Init()
 .text._ZN5daisy9SpiHandle4Impl7InitDmaEv
                0x000000000800ce7c       0xec ../DaisyExamples/libDaisy//build/libdaisy.a(spi.o)
                0x000000000800ce7c                daisy::SpiHandle::Impl::InitDma()
 .text._ZN5daisy9SpiHandle4Impl10StartDmaTxEPhjPFvPvEPFvS3_NS0_6ResultEES3_
                0x000000000800cf68       0xc8 ../DaisyExamples/libDaisy//build/libdaisy.a(spi.o)
                0x000000000800cf68                daisy::SpiHandle::Impl::StartDmaTx(unsigned char*, unsigned int, void (*)(void*), void (*)(void*, daisy::SpiHandle::Result), void*)
 .text._ZN5daisy9SpiHandle4Impl10StartDmaRxEPhjPFvPvEPFvS3_NS0_6ResultEES3_
                0x000000000800d030       0xc8 ../DaisyExamples/libDaisy//build/libdaisy.a(spi.o)
                0x000000000800d030                daisy::SpiHandle::Impl::StartDmaRx(unsigned char*, unsigned int, void (*)(void*), void (*)(void*, daisy::SpiHandle::Result), void*)
 .text._ZN5daisy9SpiHandle4Impl12StartDmaRxTxEPhS2_jPFvPvEPFvS3_NS0_6ResultEES3_
                0x000000000800d0f8       0xcc ../DaisyExamples/libDaisy//build/libdaisy.a(spi.o)
                0x000000000800d0f8                daisy::SpiHandle::Impl::StartDmaRxTx(unsigned char*, unsigned char*, unsigned int, void (*)(void*), void (*)(void*, daisy::SpiHandle::Result), void*)
 .text._ZN5daisy9SpiHandle4Impl8InitPinsEv
                0x000000000800d1c4      0x274 ../DaisyExamples/libDaisy//build/libdaisy.a(spi.o)
                0x000000000800d1c4                daisy::SpiHandle::Impl::InitPins()
 .text.HAL_SPI_MspInit
                0x000000000800d438      0x1a8 ../DaisyExamples/libDaisy//build/libdaisy.a(spi.o)
                0x000000000800d438                HAL_SPI_MspInit
 .text.dsy_spi_global_init
                0x000000000800d5e0       0x80 ../DaisyExamples/libDaisy//build/libdaisy.a(spi.o)
                0x000000000800d5e0                dsy_spi_global_init
 .text.SPI1_IRQHandler
                0x000000000800d660        0xc ../DaisyExamples/libDaisy//build/libdaisy.a(spi.o)
                0x000000000800d660                SPI1_IRQHandler
 .text.SPI2_IRQHandler
                0x000000000800d66c        0xc ../DaisyExamples/libDaisy//build/libdaisy.a(spi.o)
                0x000000000800d66c                SPI2_IRQHandler
 .text.SPI3_IRQHandler
                0x000000000800d678        0xc ../DaisyExamples/libDaisy//build/libdaisy.a(spi.o)
                0x000000000800d678                SPI3_IRQHandler
 .text.SPI4_IRQHandler
                0x000000000800d684        0xc ../DaisyExamples/libDaisy//build/libdaisy.a(spi.o)
                0x000000000800d684                SPI4_IRQHandler
 .text.SPI5_IRQHandler
                0x000000000800d690        0xc ../DaisyExamples/libDaisy//build/libdaisy.a(spi.o)
                0x000000000800d690                SPI5_IRQHandler
 .text.DMA2_Stream2_IRQHandler
                0x000000000800d69c       0x34 ../DaisyExamples/libDaisy//build/libdaisy.a(spi.o)
                0x000000000800d69c                DMA2_Stream2_IRQHandler
 .text.DMA2_Stream3_IRQHandler
                0x000000000800d6d0       0x38 ../DaisyExamples/libDaisy//build/libdaisy.a(spi.o)
                0x000000000800d6d0                DMA2_Stream3_IRQHandler
 .text.HAL_SPI_TxCpltCallback
                0x000000000800d708       0xc4 ../DaisyExamples/libDaisy//build/libdaisy.a(spi.o)
                0x000000000800d708                HAL_SPI_TxCpltCallback
 .text.HAL_SPI_RxCpltCallback
                0x000000000800d7cc       0xc4 ../DaisyExamples/libDaisy//build/libdaisy.a(spi.o)
                0x000000000800d7cc                HAL_SPI_RxCpltCallback
 .text.HAL_SPI_TxRxCpltCallback
                0x000000000800d890       0xc4 ../DaisyExamples/libDaisy//build/libdaisy.a(spi.o)
                0x000000000800d890                HAL_SPI_TxRxCpltCallback
 .text.HAL_SPI_ErrorCallback
                0x000000000800d954       0xc8 ../DaisyExamples/libDaisy//build/libdaisy.a(spi.o)
                0x000000000800d954                HAL_SPI_ErrorCallback
 .text.startup._GLOBAL__sub_I__Z19MapInstanceToHandleP11SPI_TypeDef
                0x000000000800da1c      0x1b0 ../DaisyExamples/libDaisy//build/libdaisy.a(spi.o)
 .text.HAL_TIM_Base_MspInit
                0x000000000800dbcc      0x1e0 ../DaisyExamples/libDaisy//build/libdaisy.a(tim.o)
                0x000000000800dbcc                HAL_TIM_Base_MspInit
 .text.HAL_TIM_PeriodElapsedCallback
                0x000000000800ddac       0x44 ../DaisyExamples/libDaisy//build/libdaisy.a(tim.o)
                0x000000000800ddac                HAL_TIM_PeriodElapsedCallback
 .text.TIM2_IRQHandler
                0x000000000800ddf0        0xc ../DaisyExamples/libDaisy//build/libdaisy.a(tim.o)
                0x000000000800ddf0                TIM2_IRQHandler
 .text.TIM3_IRQHandler
                0x000000000800ddfc        0xc ../DaisyExamples/libDaisy//build/libdaisy.a(tim.o)
                0x000000000800ddfc                TIM3_IRQHandler
 .text.TIM4_IRQHandler
                0x000000000800de08        0xc ../DaisyExamples/libDaisy//build/libdaisy.a(tim.o)
                0x000000000800de08                TIM4_IRQHandler
 .text.TIM5_IRQHandler
                0x000000000800de14        0xc ../DaisyExamples/libDaisy//build/libdaisy.a(tim.o)
                0x000000000800de14                TIM5_IRQHandler
 .text._ZN5daisy11TimerHandle4InitERKNS0_6ConfigE
                0x000000000800de20       0xd0 ../DaisyExamples/libDaisy//build/libdaisy.a(tim.o)
                0x000000000800de20                daisy::TimerHandle::Init(daisy::TimerHandle::Config const&)
 .text._ZN5daisy11TimerHandle5StartEv
                0x000000000800def0       0x24 ../DaisyExamples/libDaisy//build/libdaisy.a(tim.o)
                0x000000000800def0                daisy::TimerHandle::Start()
 .text.startup._GLOBAL__sub_I__ZN5daisy11TimerHandle4Impl4InitERKNS0_6ConfigE
                0x000000000800df14       0x38 ../DaisyExamples/libDaisy//build/libdaisy.a(tim.o)
 .text._ZL20UART_CheckRxListenerPN5daisy11UartHandler4ImplE
                0x000000000800df4c       0x84 ../DaisyExamples/libDaisy//build/libdaisy.a(uart.o)
 .text._ZN5daisy11UartHandler4Impl10StartDmaTxEPhjPFvPvEPFvS3_NS0_6ResultEES3_
                0x000000000800dfd0      0x184 ../DaisyExamples/libDaisy//build/libdaisy.a(uart.o)
                0x000000000800dfd0                daisy::UartHandler::Impl::StartDmaTx(unsigned char*, unsigned int, void (*)(void*), void (*)(void*, daisy::UartHandler::Result), void*)
 .text._ZN5daisy11UartHandler4Impl10StartDmaRxEPhjPFvPvEPFvS3_NS0_6ResultEES3_
                0x000000000800e154      0x184 ../DaisyExamples/libDaisy//build/libdaisy.a(uart.o)
                0x000000000800e154                daisy::UartHandler::Impl::StartDmaRx(unsigned char*, unsigned int, void (*)(void*), void (*)(void*, daisy::UartHandler::Result), void*)
 .text._ZN5daisy11UartHandler4Impl19DmaTransferFinishedEP20__UART_HandleTypeDefNS0_6ResultE
                0x000000000800e2d8       0xc0 ../DaisyExamples/libDaisy//build/libdaisy.a(uart.o)
                0x000000000800e2d8                daisy::UartHandler::Impl::DmaTransferFinished(__UART_HandleTypeDef*, daisy::UartHandler::Result)
 .text._ZN5daisy11UartHandler4Impl8InitPinsEv
                0x000000000800e398      0x154 ../DaisyExamples/libDaisy//build/libdaisy.a(uart.o)
                0x000000000800e398                daisy::UartHandler::Impl::InitPins()
 .text.HAL_UART_MspInit
                0x000000000800e4ec      0x210 ../DaisyExamples/libDaisy//build/libdaisy.a(uart.o)
                0x000000000800e4ec                HAL_UART_MspInit
 .text.dsy_uart_global_init
                0x000000000800e6fc       0xfc ../DaisyExamples/libDaisy//build/libdaisy.a(uart.o)
                0x000000000800e6fc                dsy_uart_global_init
 .text.USART1_IRQHandler
                0x000000000800e7f8       0x2c ../DaisyExamples/libDaisy//build/libdaisy.a(uart.o)
                0x000000000800e7f8                USART1_IRQHandler
 .text.USART2_IRQHandler
                0x000000000800e824       0x34 ../DaisyExamples/libDaisy//build/libdaisy.a(uart.o)
                0x000000000800e824                USART2_IRQHandler
 .text.USART3_IRQHandler
                0x000000000800e858       0x34 ../DaisyExamples/libDaisy//build/libdaisy.a(uart.o)
                0x000000000800e858                USART3_IRQHandler
 .text.UART4_IRQHandler
                0x000000000800e88c       0x34 ../DaisyExamples/libDaisy//build/libdaisy.a(uart.o)
                0x000000000800e88c                UART4_IRQHandler
 .text.UART5_IRQHandler
                0x000000000800e8c0       0x34 ../DaisyExamples/libDaisy//build/libdaisy.a(uart.o)
                0x000000000800e8c0                UART5_IRQHandler
 .text.USART6_IRQHandler
                0x000000000800e8f4       0x34 ../DaisyExamples/libDaisy//build/libdaisy.a(uart.o)
                0x000000000800e8f4                USART6_IRQHandler
 .text.UART7_IRQHandler
                0x000000000800e928       0x34 ../DaisyExamples/libDaisy//build/libdaisy.a(uart.o)
                0x000000000800e928                UART7_IRQHandler
 .text.UART8_IRQHandler
                0x000000000800e95c       0x34 ../DaisyExamples/libDaisy//build/libdaisy.a(uart.o)
                0x000000000800e95c                UART8_IRQHandler
 .text.LPUART1_IRQHandler
                0x000000000800e990       0x34 ../DaisyExamples/libDaisy//build/libdaisy.a(uart.o)
                0x000000000800e990                LPUART1_IRQHandler
 .text.DMA1_Stream5_IRQHandler
                0x000000000800e9c4       0x34 ../DaisyExamples/libDaisy//build/libdaisy.a(uart.o)
                0x000000000800e9c4                DMA1_Stream5_IRQHandler
 .text.DMA2_Stream4_IRQHandler
                0x000000000800e9f8       0x38 ../DaisyExamples/libDaisy//build/libdaisy.a(uart.o)
                0x000000000800e9f8                DMA2_Stream4_IRQHandler
 .text.HAL_UART_TxCpltCallback
                0x000000000800ea30        0x8 ../DaisyExamples/libDaisy//build/libdaisy.a(uart.o)
                0x000000000800ea30                HAL_UART_TxCpltCallback
 .text.HAL_UART_RxCpltCallback
                0x000000000800ea38       0x94 ../DaisyExamples/libDaisy//build/libdaisy.a(uart.o)
                0x000000000800ea38                HAL_UART_RxCpltCallback
 .text.HAL_UART_RxHalfCpltCallback
                0x000000000800eacc       0x90 ../DaisyExamples/libDaisy//build/libdaisy.a(uart.o)
                0x000000000800eacc                HAL_UART_RxHalfCpltCallback
 .text.HAL_UART_ErrorCallback
                0x000000000800eb5c        0x8 ../DaisyExamples/libDaisy//build/libdaisy.a(uart.o)
                0x000000000800eb5c                HAL_UART_ErrorCallback
 .text.startup._GLOBAL__sub_I__Z19MapInstanceToHandleP13USART_TypeDef
                0x000000000800eb64      0x194 ../DaisyExamples/libDaisy//build/libdaisy.a(uart.o)
 .text.dsy_dma_init
                0x000000000800ecf8      0x100 ../DaisyExamples/libDaisy//build/libdaisy.a(dma.o)
                0x000000000800ecf8                dsy_dma_init
 .text.dsy_dma_invalidate_cache_for_buffer
                0x000000000800edf8       0x2c ../DaisyExamples/libDaisy//build/libdaisy.a(dma.o)
                0x000000000800edf8                dsy_dma_invalidate_cache_for_buffer
 .text.HAL_MDMA_Abort_IT
                0x000000000800ee24       0x2c ../DaisyExamples/libDaisy//build/libdaisy.a(stm32h7xx_hal_mdma.o)
                0x000000000800ee24                HAL_MDMA_Abort_IT
 .text.SPI_CloseTransfer
                0x000000000800ee50       0xb8 ../DaisyExamples/libDaisy//build/libdaisy.a(stm32h7xx_hal_spi.o)
 .text.HAL_SPI_Init
                0x000000000800ef08      0x15c ../DaisyExamples/libDaisy//build/libdaisy.a(stm32h7xx_hal_spi.o)
                0x000000000800ef08                HAL_SPI_Init
 .text.HAL_SPI_Transmit_DMA
                0x000000000800f064      0x170 ../DaisyExamples/libDaisy//build/libdaisy.a(stm32h7xx_hal_spi.o)
                0x000000000800f064                HAL_SPI_Transmit_DMA
 .text.HAL_SPI_TransmitReceive_DMA
                0x000000000800f1d4      0x218 ../DaisyExamples/libDaisy//build/libdaisy.a(stm32h7xx_hal_spi.o)
                0x000000000800f1d4                HAL_SPI_TransmitReceive_DMA
 .text.HAL_SPI_Receive_DMA
                0x000000000800f3ec      0x1b4 ../DaisyExamples/libDaisy//build/libdaisy.a(stm32h7xx_hal_spi.o)
                0x000000000800f3ec                HAL_SPI_Receive_DMA
 .text.SPI_DMATransmitCplt
                0x000000000800f5a0       0x28 ../DaisyExamples/libDaisy//build/libdaisy.a(stm32h7xx_hal_spi.o)
 .text.SPI_DMAReceiveCplt
                0x000000000800f5c8       0x28 ../DaisyExamples/libDaisy//build/libdaisy.a(stm32h7xx_hal_spi.o)
 .text.SPI_DMATransmitReceiveCplt
                0x000000000800f5f0       0x28 ../DaisyExamples/libDaisy//build/libdaisy.a(stm32h7xx_hal_spi.o)
 .text.HAL_SPI_TxHalfCpltCallback
                0x000000000800f618        0x4 ../DaisyExamples/libDaisy//build/libdaisy.a(stm32h7xx_hal_spi.o)
                0x000000000800f618                HAL_SPI_TxHalfCpltCallback
 .text.SPI_DMAHalfTransmitCplt
                0x000000000800f61c        0xc ../DaisyExamples/libDaisy//build/libdaisy.a(stm32h7xx_hal_spi.o)
 .text.HAL_SPI_RxHalfCpltCallback
                0x000000000800f628        0x4 ../DaisyExamples/libDaisy//build/libdaisy.a(stm32h7xx_hal_spi.o)
                0x000000000800f628                HAL_SPI_RxHalfCpltCallback
 .text.SPI_DMAHalfReceiveCplt
                0x000000000800f62c        0xc ../DaisyExamples/libDaisy//build/libdaisy.a(stm32h7xx_hal_spi.o)
 .text.HAL_SPI_TxRxHalfCpltCallback
                0x000000000800f638        0x4 ../DaisyExamples/libDaisy//build/libdaisy.a(stm32h7xx_hal_spi.o)
                0x000000000800f638                HAL_SPI_TxRxHalfCpltCallback
 .text.SPI_DMAHalfTransmitReceiveCplt
                0x000000000800f63c        0xc ../DaisyExamples/libDaisy//build/libdaisy.a(stm32h7xx_hal_spi.o)
 .text.SPI_DMAError
                0x000000000800f648       0xd8 ../DaisyExamples/libDaisy//build/libdaisy.a(stm32h7xx_hal_spi.o)
 .text.HAL_SPI_IRQHandler
                0x000000000800f720      0x23c ../DaisyExamples/libDaisy//build/libdaisy.a(stm32h7xx_hal_spi.o)
                0x000000000800f720                HAL_SPI_IRQHandler
 .text.SPI_DMAAbortOnError
                0x000000000800f95c       0x1c ../DaisyExamples/libDaisy//build/libdaisy.a(stm32h7xx_hal_spi.o)
 .text.HAL_SPI_GetState
                0x000000000800f978        0x8 ../DaisyExamples/libDaisy//build/libdaisy.a(stm32h7xx_hal_spi.o)
                0x000000000800f978                HAL_SPI_GetState
 .text.HAL_UART_Transmit_DMA
                0x000000000800f980       0xa4 ../DaisyExamples/libDaisy//build/libdaisy.a(stm32h7xx_hal_uart.o)
                0x000000000800f980                HAL_UART_Transmit_DMA
 .text.HAL_UART_Receive_DMA
                0x000000000800fa24       0xac ../DaisyExamples/libDaisy//build/libdaisy.a(stm32h7xx_hal_uart.o)
                0x000000000800fa24                HAL_UART_Receive_DMA
 .text.UART_DMATransmitCplt
                0x000000000800fad0       0x2c ../DaisyExamples/libDaisy//build/libdaisy.a(stm32h7xx_hal_uart.o)
 .text.HAL_UART_TxHalfCpltCallback
                0x000000000800fafc        0x4 ../DaisyExamples/libDaisy//build/libdaisy.a(stm32h7xx_hal_uart.o)
                0x000000000800fafc                HAL_UART_TxHalfCpltCallback
 .text.UART_DMATxHalfCplt
                0x000000000800fb00        0xc ../DaisyExamples/libDaisy//build/libdaisy.a(stm32h7xx_hal_uart.o)
 .text.UART_DMAReceiveCplt
                0x000000000800fb0c       0x38 ../DaisyExamples/libDaisy//build/libdaisy.a(stm32h7xx_hal_uart.o)
 .text.UART_DMARxHalfCplt
                0x000000000800fb44        0xc ../DaisyExamples/libDaisy//build/libdaisy.a(stm32h7xx_hal_uart.o)
 .text.UART_DMAError
                0x000000000800fb50       0x78 ../DaisyExamples/libDaisy//build/libdaisy.a(stm32h7xx_hal_uart.o)
 .text.HAL_UART_IRQHandler
                0x000000000800fbc8      0x1d0 ../DaisyExamples/libDaisy//build/libdaisy.a(stm32h7xx_hal_uart.o)
                0x000000000800fbc8                HAL_UART_IRQHandler
 .text.UART_DMAAbortOnError
                0x000000000800fd98       0x14 ../DaisyExamples/libDaisy//build/libdaisy.a(stm32h7xx_hal_uart.o)
 .text.HAL_UART_GetState
                0x000000000800fdac        0xc ../DaisyExamples/libDaisy//build/libdaisy.a(stm32h7xx_hal_uart.o)